Archive member included to satisfy reference by file (symbol)

/home/geith/workspace_wsn/riot-wdt/hc-04/bin/remote-revb/core.a(sched.o)
                              /home/geith/workspace_wsn/riot-wdt/hc-04/bin/remote-revb/newlib_syscalls_default/syscalls.o (sched_active_pid)
/home/geith/workspace_wsn/riot-wdt/hc-04/bin/remote-revb/core.a(bitarithm.o)
                              /home/geith/workspace_wsn/riot-wdt/hc-04/bin/remote-revb/core.a(sched.o) (bitarithm_lsb)
/home/geith/workspace_wsn/riot-wdt/hc-04/bin/remote-revb/cortexm_common.a(thread_arch.o)
                              /home/geith/workspace_wsn/riot-wdt/hc-04/bin/remote-revb/core.a(sched.o) (thread_arch_start_threading)
/home/geith/workspace_wsn/riot-wdt/hc-04/bin/remote-revb/cortexm_common.a(irq_arch.o)
                              /home/geith/workspace_wsn/riot-wdt/hc-04/bin/remote-revb/newlib_syscalls_default/syscalls.o (irq_arch_disable)
/home/geith/workspace_wsn/riot-wdt/hc-04/bin/remote-revb/cortexm_common.a(vectors_cortexm.o)
                              /home/geith/workspace_wsn/riot-wdt/hc-04/bin/remote-revb/cpu/vectors.o (reset_handler_default)
/home/geith/workspace_wsn/riot-wdt/hc-04/bin/remote-revb/div.a(div.o)
                              /home/geith/workspace_wsn/riot-wdt/hc-04/bin/remote-revb/newlib_syscalls_default/syscalls.o (_div_mulhi64)
/home/geith/workspace_wsn/riot-wdt/hc-04/bin/remote-revb/periph_common.a(pm.o)
                              /home/geith/workspace_wsn/riot-wdt/hc-04/bin/remote-revb/newlib_syscalls_default/syscalls.o (pm_off)
/home/geith/workspace_wsn/riot-wdt/hc-04/bin/remote-revb/uart_stdio.a(uart_stdio.o)
                              /home/geith/workspace_wsn/riot-wdt/hc-04/bin/remote-revb/newlib_syscalls_default/syscalls.o (uart_stdio_init)
/home/geith/workspace_wsn/riot-wdt/hc-04/bin/remote-revb/xtimer.a(xtimer_core.o)
                              /home/geith/workspace_wsn/riot-wdt/hc-04/bin/remote-revb/newlib_syscalls_default/syscalls.o (_xtimer_now64)
/home/geith/workspace_wsn/riot-wdt/hc-04/bin/remote-revb/board.a(board.o)
                              /home/geith/workspace_wsn/riot-wdt/hc-04/bin/remote-revb/cortexm_common.a(vectors_cortexm.o) (board_init)
/home/geith/workspace_wsn/riot-wdt/hc-04/bin/remote-revb/core.a(panic.o)
                              /home/geith/workspace_wsn/riot-wdt/hc-04/bin/remote-revb/cortexm_common.a(vectors_cortexm.o) (core_panic)
/home/geith/workspace_wsn/riot-wdt/hc-04/bin/remote-revb/core.a(kernel_init.o)
                              /home/geith/workspace_wsn/riot-wdt/hc-04/bin/remote-revb/cortexm_common.a(vectors_cortexm.o) (kernel_init)
/home/geith/workspace_wsn/riot-wdt/hc-04/bin/remote-revb/core.a(thread.o)
                              /home/geith/workspace_wsn/riot-wdt/hc-04/bin/remote-revb/core.a(kernel_init.o) (thread_create)
/home/geith/workspace_wsn/riot-wdt/hc-04/bin/remote-revb/cpu.a(cpu.o)
                              /home/geith/workspace_wsn/riot-wdt/hc-04/bin/remote-revb/board.a(board.o) (cpu_init)
/home/geith/workspace_wsn/riot-wdt/hc-04/bin/remote-revb/isrpipe.a(isrpipe.o)
                              /home/geith/workspace_wsn/riot-wdt/hc-04/bin/remote-revb/uart_stdio.a(uart_stdio.o) (isrpipe_write_one)
/home/geith/workspace_wsn/riot-wdt/hc-04/bin/remote-revb/periph.a(uart.o)
                              /home/geith/workspace_wsn/riot-wdt/hc-04/bin/remote-revb/uart_stdio.a(uart_stdio.o) (uart_init)
/home/geith/workspace_wsn/riot-wdt/hc-04/bin/remote-revb/periph.a(gpio.o)
                              /home/geith/workspace_wsn/riot-wdt/hc-04/bin/remote-revb/board.a(board.o) (gpio_init)
/home/geith/workspace_wsn/riot-wdt/hc-04/bin/remote-revb/periph.a(timer.o)
                              /home/geith/workspace_wsn/riot-wdt/hc-04/bin/remote-revb/xtimer.a(xtimer_core.o) (timer_init)
/home/geith/workspace_wsn/riot-wdt/hc-04/bin/remote-revb/periph_common.a(init.o)
                              /home/geith/workspace_wsn/riot-wdt/hc-04/bin/remote-revb/cpu.a(cpu.o) (periph_init)
/home/geith/workspace_wsn/riot-wdt/hc-04/bin/remote-revb/ps.a(ps.o)
                              /home/geith/workspace_wsn/riot-wdt/hc-04/bin/remote-revb/core.a(panic.o) (ps)
/home/geith/workspace_wsn/riot-wdt/hc-04/bin/remote-revb/tsrb.a(tsrb.o)
                              /home/geith/workspace_wsn/riot-wdt/hc-04/bin/remote-revb/isrpipe.a(isrpipe.o) (tsrb_get)
/home/geith/workspace_wsn/riot-wdt/hc-04/bin/remote-revb/default.a(main.o)
                              /home/geith/workspace_wsn/riot-wdt/hc-04/bin/remote-revb/core.a(kernel_init.o) (main)
/home/geith/workspace_wsn/riot-wdt/hc-04/bin/remote-revb/auto_init.a(auto_init.o)
                              /home/geith/workspace_wsn/riot-wdt/hc-04/bin/remote-revb/core.a(kernel_init.o) (auto_init)
/home/geith/workspace_wsn/riot-wdt/hc-04/bin/remote-revb/core.a(mutex.o)
                              /home/geith/workspace_wsn/riot-wdt/hc-04/bin/remote-revb/isrpipe.a(isrpipe.o) (_mutex_lock)
[...]
Memory Configuration

Name             Origin             Length             Attributes
rom              0x0000000000200000 0x000000000007ffd4 xr
cca              0x000000000027ffd4 0x000000000000002c xr
ram              0x0000000020000000 0x0000000000008000 xrw
*default*        0x0000000000000000 0xffffffffffffffff

Linker script and memory map

LOAD /home/geith/workspace_wsn/riot-wdt/hc-04/bin/remote-revb/cpu/vectors.o
LOAD /home/geith/workspace_wsn/riot-wdt/hc-04/bin/remote-revb/newlib_syscalls_default/syscalls.o
START GROUP
LOAD /home/geith/workspace_wsn/riot-wdt/hc-04/bin/remote-revb/default.a
LOAD /home/geith/workspace_wsn/riot-wdt/hc-04/bin/remote-revb/auto_init.a
LOAD /home/geith/workspace_wsn/riot-wdt/hc-04/bin/remote-revb/board.a
LOAD /home/geith/workspace_wsn/riot-wdt/hc-04/bin/remote-revb/core.a
LOAD /home/geith/workspace_wsn/riot-wdt/hc-04/bin/remote-revb/cortexm_common.a
LOAD /home/geith/workspace_wsn/riot-wdt/hc-04/bin/remote-revb/cortexm_common_periph.a
LOAD /home/geith/workspace_wsn/riot-wdt/hc-04/bin/remote-revb/cpu.a
LOAD /home/geith/workspace_wsn/riot-wdt/hc-04/bin/remote-revb/div.a
LOAD /home/geith/workspace_wsn/riot-wdt/hc-04/bin/remote-revb/isrpipe.a
LOAD /home/geith/workspace_wsn/riot-wdt/hc-04/bin/remote-revb/newlib_syscalls_default.a
LOAD /home/geith/workspace_wsn/riot-wdt/hc-04/bin/remote-revb/periph.a
LOAD /home/geith/workspace_wsn/riot-wdt/hc-04/bin/remote-revb/periph_common.a
LOAD /home/geith/workspace_wsn/riot-wdt/hc-04/bin/remote-revb/ps.a
LOAD /home/geith/workspace_wsn/riot-wdt/hc-04/bin/remote-revb/remote-common.a
LOAD /home/geith/workspace_wsn/riot-wdt/hc-04/bin/remote-revb/shell.a
LOAD /home/geith/workspace_wsn/riot-wdt/hc-04/bin/remote-revb/shell_commands.a
LOAD /home/geith/workspace_wsn/riot-wdt/hc-04/bin/remote-revb/sys.a
LOAD /home/geith/workspace_wsn/riot-wdt/hc-04/bin/remote-revb/tsrb.a
LOAD /home/geith/workspace_wsn/riot-wdt/hc-04/bin/remote-revb/uart_stdio.a
LOAD /home/geith/workspace_wsn/riot-wdt/hc-04/bin/remote-revb/xtimer.a
LOAD /usr/lib/gcc/arm-none-eabi/5.4.1/../../../arm-none-eabi/lib/armv7-m/libm.a
END GROUP
LOAD /usr/lib/gcc/arm-none-eabi/5.4.1/armv7-m/libgcc.a
LOAD /usr/lib/gcc/arm-none-eabi/5.4.1/../../../arm-none-eabi/lib/armv7-m/libc_nano.a
LOAD /usr/lib/gcc/arm-none-eabi/5.4.1/../../../arm-none-eabi/lib/armv7-m/libnosys.a
START GROUP
LOAD /usr/lib/gcc/arm-none-eabi/5.4.1/armv7-m/libgcc.a
LOAD /usr/lib/gcc/arm-none-eabi/5.4.1/../../../arm-none-eabi/lib/armv7-m/libg_nano.a
LOAD /usr/lib/gcc/arm-none-eabi/5.4.1/../../../arm-none-eabi/lib/armv7-m/libc_nano.a
END GROUP
START GROUP
LOAD /usr/lib/gcc/arm-none-eabi/5.4.1/armv7-m/libgcc.a
LOAD /usr/lib/gcc/arm-none-eabi/5.4.1/../../../arm-none-eabi/lib/armv7-m/libc_nano.a
END GROUP

.flashcca       0x000000000027ffd4       0x2c
 *(.flashcca)
 .flashcca      0x000000000027ffd4       0x2c /home/geith/workspace_wsn/riot-wdt/hc-04/bin/remote-revb/cpu/vectors.o
                0x000000000027ffd4                cca

.text           0x0000000000200000     0x39e8
                0x0000000000200000                . = ALIGN (0x4)
                0x0000000000200000                _sfixed = .
                0x0000000000200000                _isr_vectors = DEFINED (_isr_vectors)?_isr_vectors:.
 *(.vectors .vectors.*)
 .vectors       0x0000000000200000      0x100 /home/geith/workspace_wsn/riot-wdt/hc-04/bin/remote-revb/cpu/vectors.o
                0x0000000000200000                interrupt_vector
 *(.text .text.* .gnu.linkonce.t.*)
 .text.dummy_handler
                0x0000000000200100        0x4 /home/geith/workspace_wsn/riot-wdt/hc-04/bin/remote-revb/cpu/vectors.o
                0x0000000000200100                isr_ssi1
                0x0000000000200100                isr_icepick
                0x0000000000200100                isr_watchdog
                0x0000000000200100                isr_pka
                0x0000000000200100                isr_rfcoreerr
                0x0000000000200100                dummy_handler
                0x0000000000200100                isr_mactimer
                0x0000000000200100                isr_uart1
                0x0000000000200100                isr_adc
                0x0000000000200100                isr_aes
                0x0000000000200100                isr_rfcorerxtx
                0x0000000000200100                isr_comp
                0x0000000000200100                isr_flash
                0x0000000000200100                isr_i2c
                0x0000000000200100                isr_usb
                0x0000000000200100                isr_dma
                0x0000000000200100                isr_ssi0
                0x0000000000200100                isr_sleepmode
                0x0000000000200100                isr_systick
                0x0000000000200100                isr_dmaerr
 .text._init    0x0000000000200104        0x4 /home/geith/workspace_wsn/riot-wdt/hc-04/bin/remote-revb/newlib_syscalls_default/syscalls.o
                0x0000000000200104                _init
 .text._fini    0x0000000000200108        0x2 /home/geith/workspace_wsn/riot-wdt/hc-04/bin/remote-revb/newlib_syscalls_default/syscalls.o
                0x0000000000200108                _fini
 *fill*         0x000000000020010a        0x2 
 .text._sbrk_r  0x000000000020010c       0x3c /home/geith/workspace_wsn/riot-wdt/hc-04/bin/remote-revb/newlib_syscalls_default/syscalls.o
                0x000000000020010c                _sbrk_r
 .text._read_r  0x0000000000200148        0x8 /home/geith/workspace_wsn/riot-wdt/hc-04/bin/remote-revb/newlib_syscalls_default/syscalls.o
                0x0000000000200148                _read_r
 .text._write_r
                0x0000000000200150        0x8 /home/geith/workspace_wsn/riot-wdt/hc-04/bin/remote-revb/newlib_syscalls_default/syscalls.o
                0x0000000000200150                _write_r
 .text._close_r
                0x0000000000200158        0xa /home/geith/workspace_wsn/riot-wdt/hc-04/bin/remote-revb/newlib_syscalls_default/syscalls.o
                0x0000000000200158                _close_r
 .text._lseek_r
                0x0000000000200162        0xa /home/geith/workspace_wsn/riot-wdt/hc-04/bin/remote-revb/newlib_syscalls_default/syscalls.o
                0x0000000000200162                _lseek_r
 .text._fstat_r
                0x000000000020016c        0xa /home/geith/workspace_wsn/riot-wdt/hc-04/bin/remote-revb/newlib_syscalls_default/syscalls.o
                0x000000000020016c                _fstat_r
 .text._isatty_r
                0x0000000000200176       0x10 /home/geith/workspace_wsn/riot-wdt/hc-04/bin/remote-revb/newlib_syscalls_default/syscalls.o
                0x0000000000200176                _isatty_r
 *fill*         0x0000000000200186        0x2 
 .text.sched_run
                0x0000000000200188       0x5c /home/geith/workspace_wsn/riot-wdt/hc-04/bin/remote-revb/core.a(sched.o)
                0x0000000000200188                sched_run
 .text.sched_set_status
                0x00000000002001e4       0x80 /home/geith/workspace_wsn/riot-wdt/hc-04/bin/remote-revb/core.a(sched.o)
                0x00000000002001e4                sched_set_status
 .text.sched_switch
                0x0000000000200264       0x34 /home/geith/workspace_wsn/riot-wdt/hc-04/bin/remote-revb/core.a(sched.o)
                0x0000000000200264                sched_switch
 .text.sched_task_exit
                0x0000000000200298       0x3c /home/geith/workspace_wsn/riot-wdt/hc-04/bin/remote-revb/core.a(sched.o)
                0x0000000000200298                sched_task_exit
 .text.bitarithm_lsb
                0x00000000002002d4       0x10 /home/geith/workspace_wsn/riot-wdt/hc-04/bin/remote-revb/core.a(bitarithm.o)
                0x00000000002002d4                bitarithm_lsb
 .text.thread_arch_stack_init
                0x00000000002002e4       0x6c /home/geith/workspace_wsn/riot-wdt/hc-04/bin/remote-revb/cortexm_common.a(thread_arch.o)
                0x00000000002002e4                thread_arch_stack_init
 .text.thread_arch_isr_stack_usage
                0x0000000000200350       0x28 /home/geith/workspace_wsn/riot-wdt/hc-04/bin/remote-revb/cortexm_common.a(thread_arch.o)
                0x0000000000200350                thread_arch_isr_stack_usage
 .text.thread_arch_isr_stack_pointer
                0x0000000000200378        0x6 /home/geith/workspace_wsn/riot-wdt/hc-04/bin/remote-revb/cortexm_common.a(thread_arch.o)
                0x0000000000200378                thread_arch_isr_stack_pointer
 *fill*         0x000000000020037e        0x2 
 .text.thread_arch_isr_stack_start
                0x0000000000200380        0x8 /home/geith/workspace_wsn/riot-wdt/hc-04/bin/remote-revb/cortexm_common.a(thread_arch.o)
                0x0000000000200380                thread_arch_isr_stack_start
 .text.thread_arch_start_threading
                0x0000000000200388        0x8 /home/geith/workspace_wsn/riot-wdt/hc-04/bin/remote-revb/cortexm_common.a(thread_arch.o)
                0x0000000000200388                thread_arch_start_threading
 .text.thread_arch_yield
                0x0000000000200390       0x10 /home/geith/workspace_wsn/riot-wdt/hc-04/bin/remote-revb/cortexm_common.a(thread_arch.o)
                0x0000000000200390                thread_arch_yield
 .text.isr_pendsv
                0x00000000002003a0       0x1c /home/geith/workspace_wsn/riot-wdt/hc-04/bin/remote-revb/cortexm_common.a(thread_arch.o)
                0x00000000002003a0                isr_pendsv
 .text.isr_svc  0x00000000002003bc       0x1c /home/geith/workspace_wsn/riot-wdt/hc-04/bin/remote-revb/cortexm_common.a(thread_arch.o)
                0x00000000002003bc                isr_svc
 .text.irq_arch_disable
                0x00000000002003d8        0x8 /home/geith/workspace_wsn/riot-wdt/hc-04/bin/remote-revb/cortexm_common.a(irq_arch.o)
                0x00000000002003d8                irq_arch_disable
 .text.irq_arch_enable
                0x00000000002003e0        0x8 /home/geith/workspace_wsn/riot-wdt/hc-04/bin/remote-revb/cortexm_common.a(irq_arch.o)
                0x00000000002003e0                irq_arch_enable
 .text.irq_arch_restore
                0x00000000002003e8        0x6 /home/geith/workspace_wsn/riot-wdt/hc-04/bin/remote-revb/cortexm_common.a(irq_arch.o)
                0x00000000002003e8                irq_arch_restore
 .text.irq_arch_in
                0x00000000002003ee        0x8 /home/geith/workspace_wsn/riot-wdt/hc-04/bin/remote-revb/cortexm_common.a(irq_arch.o)
                0x00000000002003ee                irq_arch_in
 .text.pre_startup
                0x00000000002003f6        0x2 /home/geith/workspace_wsn/riot-wdt/hc-04/bin/remote-revb/cortexm_common.a(vectors_cortexm.o)
                0x00000000002003f6                pre_startup
 .text.post_startup
                0x00000000002003f8        0x2 /home/geith/workspace_wsn/riot-wdt/hc-04/bin/remote-revb/cortexm_common.a(vectors_cortexm.o)
                0x00000000002003f8                post_startup
 *fill*         0x00000000002003fa        0x2 
 .text.reset_handler_default
                0x00000000002003fc       0x6c /home/geith/workspace_wsn/riot-wdt/hc-04/bin/remote-revb/cortexm_common.a(vectors_cortexm.o)
                0x00000000002003fc                reset_handler_default
 .text.nmi_default
                0x0000000000200468       0x10 /home/geith/workspace_wsn/riot-wdt/hc-04/bin/remote-revb/cortexm_common.a(vectors_cortexm.o)
                0x0000000000200468                nmi_default
 .text.hard_fault_default
                0x0000000000200478       0x44 /home/geith/workspace_wsn/riot-wdt/hc-04/bin/remote-revb/cortexm_common.a(vectors_cortexm.o)
                0x0000000000200478                hard_fault_default
 .text.hard_fault_handler
                0x00000000002004bc      0x184 /home/geith/workspace_wsn/riot-wdt/hc-04/bin/remote-revb/cortexm_common.a(vectors_cortexm.o)
                0x00000000002004bc                hard_fault_handler
 .text.mem_manage_default
                0x0000000000200640       0x10 /home/geith/workspace_wsn/riot-wdt/hc-04/bin/remote-revb/cortexm_common.a(vectors_cortexm.o)
                0x0000000000200640                mem_manage_default
 .text.bus_fault_default
                0x0000000000200650       0x10 /home/geith/workspace_wsn/riot-wdt/hc-04/bin/remote-revb/cortexm_common.a(vectors_cortexm.o)
                0x0000000000200650                bus_fault_default
 .text.usage_fault_default
                0x0000000000200660       0x10 /home/geith/workspace_wsn/riot-wdt/hc-04/bin/remote-revb/cortexm_common.a(vectors_cortexm.o)
                0x0000000000200660                usage_fault_default
 .text.debug_mon_default
                0x0000000000200670       0x10 /home/geith/workspace_wsn/riot-wdt/hc-04/bin/remote-revb/cortexm_common.a(vectors_cortexm.o)
                0x0000000000200670                debug_mon_default
 .text.dummy_handler_default
                0x0000000000200680       0x10 /home/geith/workspace_wsn/riot-wdt/hc-04/bin/remote-revb/cortexm_common.a(vectors_cortexm.o)
                0x0000000000200680                dummy_handler_default
 .text.pm_set_lowest
                0x0000000000200690        0x2 /home/geith/workspace_wsn/riot-wdt/hc-04/bin/remote-revb/periph_common.a(pm.o)
                0x0000000000200690                pm_set_lowest
 .text.pm_off   0x0000000000200692        0x8 /home/geith/workspace_wsn/riot-wdt/hc-04/bin/remote-revb/periph_common.a(pm.o)
                0x0000000000200692                pm_off
 *fill*         0x000000000020069a        0x2 
 .text.uart_stdio_init
                0x000000000020069c       0x18 /home/geith/workspace_wsn/riot-wdt/hc-04/bin/remote-revb/uart_stdio.a(uart_stdio.o)
                0x000000000020069c                uart_stdio_init
 .text.uart_stdio_read
                0x00000000002006b4       0x10 /home/geith/workspace_wsn/riot-wdt/hc-04/bin/remote-revb/uart_stdio.a(uart_stdio.o)
                0x00000000002006b4                uart_stdio_read
 .text.uart_stdio_write
                0x00000000002006c4       0x12 /home/geith/workspace_wsn/riot-wdt/hc-04/bin/remote-revb/uart_stdio.a(uart_stdio.o)
                0x00000000002006c4                uart_stdio_write
 .text._xtimer_lltimer_now
                0x00000000002006d6        0x6 /home/geith/workspace_wsn/riot-wdt/hc-04/bin/remote-revb/xtimer.a(xtimer_core.o)
 .text._xtimer_now
                0x00000000002006dc       0x18 /home/geith/workspace_wsn/riot-wdt/hc-04/bin/remote-revb/xtimer.a(xtimer_core.o)
 .text._lltimer_set
                0x00000000002006f4       0x14 /home/geith/workspace_wsn/riot-wdt/hc-04/bin/remote-revb/xtimer.a(xtimer_core.o)
 .text._add_timer_to_long_list.constprop.3
                0x0000000000200708       0x2c /home/geith/workspace_wsn/riot-wdt/hc-04/bin/remote-revb/xtimer.a(xtimer_core.o)
 .text._next_period
                0x0000000000200734       0xc4 /home/geith/workspace_wsn/riot-wdt/hc-04/bin/remote-revb/xtimer.a(xtimer_core.o)
 .text._periph_timer_callback
                0x00000000002007f8       0xd0 /home/geith/workspace_wsn/riot-wdt/hc-04/bin/remote-revb/xtimer.a(xtimer_core.o)
 .text._remove  0x00000000002008c8       0x60 /home/geith/workspace_wsn/riot-wdt/hc-04/bin/remote-revb/xtimer.a(xtimer_core.o)
 .text.xtimer_init
                0x0000000000200928       0x24 /home/geith/workspace_wsn/riot-wdt/hc-04/bin/remote-revb/xtimer.a(xtimer_core.o)
                0x0000000000200928                xtimer_init
 .text._xtimer_set_absolute
                0x000000000020094c       0xdc /home/geith/workspace_wsn/riot-wdt/hc-04/bin/remote-revb/xtimer.a(xtimer_core.o)
                0x000000000020094c                _xtimer_set_absolute
 .text.xtimer_remove
                0x0000000000200a28       0x24 /home/geith/workspace_wsn/riot-wdt/hc-04/bin/remote-revb/xtimer.a(xtimer_core.o)
                0x0000000000200a28                xtimer_remove
 .text._xtimer_set
                0x0000000000200a4c       0x40 /home/geith/workspace_wsn/riot-wdt/hc-04/bin/remote-revb/xtimer.a(xtimer_core.o)
                0x0000000000200a4c                _xtimer_set
 .text._xtimer_set64
                0x0000000000200a8c       0x64 /home/geith/workspace_wsn/riot-wdt/hc-04/bin/remote-revb/xtimer.a(xtimer_core.o)
                0x0000000000200a8c                _xtimer_set64
 .text.board_init
                0x0000000000200af0      0x270 /home/geith/workspace_wsn/riot-wdt/hc-04/bin/remote-revb/board.a(board.o)
                0x0000000000200af0                board_init
 .text.panic_arch
                0x0000000000200d60        0x2 /home/geith/workspace_wsn/riot-wdt/hc-04/bin/remote-revb/core.a(panic.o)
                0x0000000000200d60                panic_arch
 *fill*         0x0000000000200d62        0x2 
 .text.core_panic
                0x0000000000200d64       0x54 /home/geith/workspace_wsn/riot-wdt/hc-04/bin/remote-revb/core.a(panic.o)
                0x0000000000200d64                core_panic
 .text.main_trampoline
                0x0000000000200db8       0x18 /home/geith/workspace_wsn/riot-wdt/hc-04/bin/remote-revb/core.a(kernel_init.o)
 .text.idle_thread
                0x0000000000200dd0        0x8 /home/geith/workspace_wsn/riot-wdt/hc-04/bin/remote-revb/core.a(kernel_init.o)
 .text.kernel_init
                0x0000000000200dd8       0x58 /home/geith/workspace_wsn/riot-wdt/hc-04/bin/remote-revb/core.a(kernel_init.o)
                0x0000000000200dd8                kernel_init
 .text.thread_yield
                0x0000000000200e30       0x34 /home/geith/workspace_wsn/riot-wdt/hc-04/bin/remote-revb/core.a(thread.o)
                0x0000000000200e30                thread_yield
 .text.thread_add_to_list
                0x0000000000200e64       0x30 /home/geith/workspace_wsn/riot-wdt/hc-04/bin/remote-revb/core.a(thread.o)
                0x0000000000200e64                thread_add_to_list
 .text.thread_measure_stack_free
                0x0000000000200e94        0xe /home/geith/workspace_wsn/riot-wdt/hc-04/bin/remote-revb/core.a(thread.o)
                0x0000000000200e94                thread_measure_stack_free
 *fill*         0x0000000000200ea2        0x2 
 .text.thread_create
                0x0000000000200ea4       0xf0 /home/geith/workspace_wsn/riot-wdt/hc-04/bin/remote-revb/core.a(thread.o)
                0x0000000000200ea4                thread_create
 .text.cpu_init
                0x0000000000200f94       0x34 /home/geith/workspace_wsn/riot-wdt/hc-04/bin/remote-revb/cpu.a(cpu.o)
                0x0000000000200f94                cpu_init
 .text.isrpipe_write_one
                0x0000000000200fc8       0x16 /home/geith/workspace_wsn/riot-wdt/hc-04/bin/remote-revb/isrpipe.a(isrpipe.o)
                0x0000000000200fc8                isrpipe_write_one
 .text.isrpipe_read
                0x0000000000200fde       0x22 /home/geith/workspace_wsn/riot-wdt/hc-04/bin/remote-revb/isrpipe.a(isrpipe.o)
                0x0000000000200fde                isrpipe_read
 .text.isr_uart0
                0x0000000000201000       0x80 /home/geith/workspace_wsn/riot-wdt/hc-04/bin/remote-revb/periph.a(uart.o)
                0x0000000000201000                isr_uart0
 .text.uart_init
                0x0000000000201080      0x144 /home/geith/workspace_wsn/riot-wdt/hc-04/bin/remote-revb/periph.a(uart.o)
                0x0000000000201080                uart_init
 .text.uart_write
                0x00000000002011c4       0x24 /home/geith/workspace_wsn/riot-wdt/hc-04/bin/remote-revb/periph.a(uart.o)
                0x00000000002011c4                uart_write
 .text.gpio_pp_num
                0x00000000002011e8       0x12 /home/geith/workspace_wsn/riot-wdt/hc-04/bin/remote-revb/periph.a(gpio.o)
 *fill*         0x00000000002011fa        0x2 
 .text.handle_isr
                0x00000000002011fc       0x50 /home/geith/workspace_wsn/riot-wdt/hc-04/bin/remote-revb/periph.a(gpio.o)
 .text.gpio_init
                0x000000000020124c       0x64 /home/geith/workspace_wsn/riot-wdt/hc-04/bin/remote-revb/periph.a(gpio.o)
                0x000000000020124c                gpio_init
 .text.gpio_init_int
                0x00000000002012b0      0x110 /home/geith/workspace_wsn/riot-wdt/hc-04/bin/remote-revb/periph.a(gpio.o)
                0x00000000002012b0                gpio_init_int
 .text.gpio_read
                0x00000000002013c0       0x1a /home/geith/workspace_wsn/riot-wdt/hc-04/bin/remote-revb/periph.a(gpio.o)
                0x00000000002013c0                gpio_read
 .text.gpio_set
                0x00000000002013da       0x1e /home/geith/workspace_wsn/riot-wdt/hc-04/bin/remote-revb/periph.a(gpio.o)
                0x00000000002013da                gpio_set
 .text.gpio_clear
                0x00000000002013f8       0x20 /home/geith/workspace_wsn/riot-wdt/hc-04/bin/remote-revb/periph.a(gpio.o)
                0x00000000002013f8                gpio_clear
 .text.isr_gpioa
                0x0000000000201418        0xc /home/geith/workspace_wsn/riot-wdt/hc-04/bin/remote-revb/periph.a(gpio.o)
                0x0000000000201418                isr_gpioa
 .text.isr_gpiob
                0x0000000000201424        0xc /home/geith/workspace_wsn/riot-wdt/hc-04/bin/remote-revb/periph.a(gpio.o)
                0x0000000000201424                isr_gpiob
 .text.isr_gpioc
                0x0000000000201430        0xc /home/geith/workspace_wsn/riot-wdt/hc-04/bin/remote-revb/periph.a(gpio.o)
                0x0000000000201430                isr_gpioc
 .text.isr_gpiod
                0x000000000020143c        0xc /home/geith/workspace_wsn/riot-wdt/hc-04/bin/remote-revb/periph.a(gpio.o)
                0x000000000020143c                isr_gpiod
 .text.irq_handler_a
                0x0000000000201448       0x54 /home/geith/workspace_wsn/riot-wdt/hc-04/bin/remote-revb/periph.a(timer.o)
 .text.irq_handler_b
                0x000000000020149c       0x58 /home/geith/workspace_wsn/riot-wdt/hc-04/bin/remote-revb/periph.a(timer.o)
 .text.timer_init
                0x00000000002014f4      0x16c /home/geith/workspace_wsn/riot-wdt/hc-04/bin/remote-revb/periph.a(timer.o)
                0x00000000002014f4                timer_init
 .text.timer_set_absolute
                0x0000000000201660       0x64 /home/geith/workspace_wsn/riot-wdt/hc-04/bin/remote-revb/periph.a(timer.o)
                0x0000000000201660                timer_set_absolute
 .text.timer_read
                0x00000000002016c4       0x24 /home/geith/workspace_wsn/riot-wdt/hc-04/bin/remote-revb/periph.a(timer.o)
                0x00000000002016c4                timer_read
 .text.isr_timer0_chan0
                0x00000000002016e8        0x6 /home/geith/workspace_wsn/riot-wdt/hc-04/bin/remote-revb/periph.a(timer.o)
                0x00000000002016e8                isr_timer0_chan0
 .text.isr_timer0_chan1
                0x00000000002016ee        0x6 /home/geith/workspace_wsn/riot-wdt/hc-04/bin/remote-revb/periph.a(timer.o)
                0x00000000002016ee                isr_timer0_chan1
 .text.isr_timer1_chan0
                0x00000000002016f4        0x6 /home/geith/workspace_wsn/riot-wdt/hc-04/bin/remote-revb/periph.a(timer.o)
                0x00000000002016f4                isr_timer1_chan0
 .text.isr_timer1_chan1
                0x00000000002016fa        0x6 /home/geith/workspace_wsn/riot-wdt/hc-04/bin/remote-revb/periph.a(timer.o)
                0x00000000002016fa                isr_timer1_chan1
 .text.isr_timer2_chan0
                0x0000000000201700        0x6 /home/geith/workspace_wsn/riot-wdt/hc-04/bin/remote-revb/periph.a(timer.o)
                0x0000000000201700                isr_timer2_chan0
 .text.isr_timer2_chan1
                0x0000000000201706        0x6 /home/geith/workspace_wsn/riot-wdt/hc-04/bin/remote-revb/periph.a(timer.o)
                0x0000000000201706                isr_timer2_chan1
 .text.isr_timer3_chan0
                0x000000000020170c        0x6 /home/geith/workspace_wsn/riot-wdt/hc-04/bin/remote-revb/periph.a(timer.o)
                0x000000000020170c                isr_timer3_chan0
 .text.isr_timer3_chan1
                0x0000000000201712        0x6 /home/geith/workspace_wsn/riot-wdt/hc-04/bin/remote-revb/periph.a(timer.o)
                0x0000000000201712                isr_timer3_chan1
 .text.periph_init
                0x0000000000201718       0x12 /home/geith/workspace_wsn/riot-wdt/hc-04/bin/remote-revb/periph_common.a(init.o)
                0x0000000000201718                periph_init
 *fill*         0x000000000020172a        0x2 
 .text.ps       0x000000000020172c       0xe4 /home/geith/workspace_wsn/riot-wdt/hc-04/bin/remote-revb/ps.a(ps.o)
                0x000000000020172c                ps
 .text.tsrb_get
                0x0000000000201810       0x2a /home/geith/workspace_wsn/riot-wdt/hc-04/bin/remote-revb/tsrb.a(tsrb.o)
                0x0000000000201810                tsrb_get
 .text.tsrb_add_one
                0x000000000020183a       0x26 /home/geith/workspace_wsn/riot-wdt/hc-04/bin/remote-revb/tsrb.a(tsrb.o)
                0x000000000020183a                tsrb_add_one
 .text._xtimer_now
                0x0000000000201860       0x1c /home/geith/workspace_wsn/riot-wdt/hc-04/bin/remote-revb/default.a(main.o)
 .text.echo_cb  0x000000000020187c       0x30 /home/geith/workspace_wsn/riot-wdt/hc-04/bin/remote-revb/default.a(main.o)
                0x000000000020187c                echo_cb
 .text.startup.main
                0x00000000002018ac       0xa0 /home/geith/workspace_wsn/riot-wdt/hc-04/bin/remote-revb/default.a(main.o)
                0x00000000002018ac                main
 .text.auto_init
                0x000000000020194c        0x4 /home/geith/workspace_wsn/riot-wdt/hc-04/bin/remote-revb/auto_init.a(auto_init.o)
                0x000000000020194c                auto_init
 .text._mutex_lock
                0x0000000000201950       0x60 /home/geith/workspace_wsn/riot-wdt/hc-04/bin/remote-revb/core.a(mutex.o)
                0x0000000000201950                _mutex_lock
 .text.mutex_unlock
                0x00000000002019b0       0x4a /home/geith/workspace_wsn/riot-wdt/hc-04/bin/remote-revb/core.a(mutex.o)
                0x00000000002019b0                mutex_unlock
 *fill*         0x00000000002019fa        0x2 
 .text.cortexm_init
                0x00000000002019fc       0x3c /home/geith/workspace_wsn/riot-wdt/hc-04/bin/remote-revb/cortexm_common.a(cortexm_init.o)
                0x00000000002019fc                cortexm_init
 .text.poweron  0x0000000000201a38       0x28 /home/geith/workspace_wsn/riot-wdt/hc-04/bin/remote-revb/periph.a(spi.o)
 .text.poweroff
                0x0000000000201a60       0x28 /home/geith/workspace_wsn/riot-wdt/hc-04/bin/remote-revb/periph.a(spi.o)
 .text.spi_init_pins
                0x0000000000201a88      0x138 /home/geith/workspace_wsn/riot-wdt/hc-04/bin/remote-revb/periph.a(spi.o)
                0x0000000000201a88                spi_init_pins
 .text.spi_init
                0x0000000000201bc0       0x3c /home/geith/workspace_wsn/riot-wdt/hc-04/bin/remote-revb/periph.a(spi.o)
                0x0000000000201bc0                spi_init
 .text._callback_unlock_mutex
                0x0000000000201bfc        0x4 /home/geith/workspace_wsn/riot-wdt/hc-04/bin/remote-revb/xtimer.a(xtimer.o)
 .text._xtimer_spin
                0x0000000000201c00       0x1e /home/geith/workspace_wsn/riot-wdt/hc-04/bin/remote-revb/xtimer.a(xtimer.o)
 *fill*         0x0000000000201c1e        0x2 
 .text._xtimer_tsleep
                0x0000000000201c20       0x54 /home/geith/workspace_wsn/riot-wdt/hc-04/bin/remote-revb/xtimer.a(xtimer.o)
                0x0000000000201c20                _xtimer_tsleep
 .text          0x0000000000201c74       0x50 /usr/lib/gcc/arm-none-eabi/5.4.1/../../../arm-none-eabi/lib/armv7-m/libc_nano.a(lib_a-init.o)
                0x0000000000201c74                __libc_init_array
 .text          0x0000000000201cc4       0x9c /usr/lib/gcc/arm-none-eabi/5.4.1/../../../arm-none-eabi/lib/armv7-m/libc_nano.a(lib_a-memset.o)
                0x0000000000201cc4                memset
 .text          0x0000000000201d60       0x60 /usr/lib/gcc/arm-none-eabi/5.4.1/../../../arm-none-eabi/lib/armv7-m/libc_nano.a(lib_a-printf.o)
                0x0000000000201d60                _printf_r
                0x0000000000201d60                _iprintf_r
                0x0000000000201d8c                printf
                0x0000000000201d8c                iprintf
 .text          0x0000000000201dc0       0xdc /usr/lib/gcc/arm-none-eabi/5.4.1/../../../arm-none-eabi/lib/armv7-m/libc_nano.a(lib_a-puts.o)
                0x0000000000201dc0                _puts_r
                0x0000000000201e8c                puts
 .text          0x0000000000201e9c       0xc4 /usr/lib/gcc/arm-none-eabi/5.4.1/../../../arm-none-eabi/lib/armv7-m/libc_nano.a(lib_a-wbuf.o)
                0x0000000000201e9c                __swbuf_r
                0x0000000000201f50                __swbuf
 .text          0x0000000000201f60       0xf4 /usr/lib/gcc/arm-none-eabi/5.4.1/../../../arm-none-eabi/lib/armv7-m/libc_nano.a(lib_a-wsetup.o)
                0x0000000000201f60                __swsetup_r
 .text          0x0000000000202054      0x1b4 /usr/lib/gcc/arm-none-eabi/5.4.1/../../../arm-none-eabi/lib/armv7-m/libc_nano.a(lib_a-fflush.o)
                0x0000000000202054                __sflush_r
                0x0000000000202180                _fflush_r
                0x00000000002021e4                fflush
 .text          0x0000000000202208      0x22c /usr/lib/gcc/arm-none-eabi/5.4.1/../../../arm-none-eabi/lib/armv7-m/libc_nano.a(lib_a-findfp.o)
                0x000000000020220c                _cleanup_r
                0x000000000020221c                __sfmoreglue
                0x000000000020224c                __sfp
                0x00000000002023e0                _cleanup
                0x00000000002023f4                __sinit
                0x00000000002023fc                __sfp_lock_acquire
                0x0000000000202400                __sfp_lock_release
                0x0000000000202404                __sinit_lock_acquire
                0x0000000000202408                __sinit_lock_release
                0x000000000020240c                __fp_lock_all
                0x0000000000202420                __fp_unlock_all
 .text          0x0000000000202434       0x98 /usr/lib/gcc/arm-none-eabi/5.4.1/../../../arm-none-eabi/lib/armv7-m/libc_nano.a(lib_a-fwalk.o)
                0x0000000000202434                _fwalk
                0x000000000020247c                _fwalk_reent
 .text          0x00000000002024cc       0xe4 /usr/lib/gcc/arm-none-eabi/5.4.1/../../../arm-none-eabi/lib/armv7-m/libc_nano.a(lib_a-makebuf.o)
                0x00000000002024cc                __swhatbuf_r
                0x0000000000202528                __smakebuf_r
 .text          0x00000000002025b0       0x8c /usr/lib/gcc/arm-none-eabi/5.4.1/../../../arm-none-eabi/lib/armv7-m/libc_nano.a(lib_a-nano-freer.o)
                0x00000000002025b0                _free_r
 .text          0x000000000020263c       0xbc /usr/lib/gcc/arm-none-eabi/5.4.1/../../../arm-none-eabi/lib/armv7-m/libc_nano.a(lib_a-nano-mallocr.o)
                0x000000000020263c                _malloc_r
 .text          0x00000000002026f8      0x308 /usr/lib/gcc/arm-none-eabi/5.4.1/../../../arm-none-eabi/lib/armv7-m/libc_nano.a(lib_a-nano-vfprintf.o)
                0x0000000000202728                __sfputs_r
                0x0000000000202754                __sprint_r
                0x0000000000202770                _vfiprintf_r
                0x0000000000202770                _vfprintf_r
                0x00000000002029e8                vfiprintf
                0x00000000002029e8                vfprintf
 .text          0x0000000000202a00      0x3dc /usr/lib/gcc/arm-none-eabi/5.4.1/../../../arm-none-eabi/lib/armv7-m/libc_nano.a(lib_a-nano-vfprintf_i.o)
                0x0000000000202a00                _printf_common
                0x0000000000202b34                _printf_i
 .text          0x0000000000202ddc       0x8c /usr/lib/gcc/arm-none-eabi/5.4.1/../../../arm-none-eabi/lib/armv7-m/libc_nano.a(lib_a-stdio.o)
                0x0000000000202ddc                __sread
                0x0000000000202e00                __seofread
                0x0000000000202e04                __swrite
                0x0000000000202e40                __sseek
                0x0000000000202e60                __sclose
 .text          0x0000000000202e68      0x308 /usr/lib/gcc/arm-none-eabi/5.4.1/../../../arm-none-eabi/lib/armv7-m/libc_nano.a(lib_a-fvwrite.o)
                0x0000000000202e68                __sfvwrite_r
 .text          0x0000000000203170       0x8c /usr/lib/gcc/arm-none-eabi/5.4.1/../../../arm-none-eabi/lib/armv7-m/libc_nano.a(lib_a-memchr-stub.o)
                0x0000000000203170                memchr
 .text          0x00000000002031fc       0xec /usr/lib/gcc/arm-none-eabi/5.4.1/../../../arm-none-eabi/lib/armv7-m/libc_nano.a(lib_a-memcpy.o)
                0x00000000002031fc                memcpy
 .text          0x00000000002032e8       0xc8 /usr/lib/gcc/arm-none-eabi/5.4.1/../../../arm-none-eabi/lib/armv7-m/libc_nano.a(lib_a-memmove.o)
                0x00000000002032e8                memmove
 .text          0x00000000002033b0       0x48 /usr/lib/gcc/arm-none-eabi/5.4.1/../../../arm-none-eabi/lib/armv7-m/libc_nano.a(lib_a-nano-reallocr.o)
                0x00000000002033b0                _realloc_r
 .text          0x00000000002033f8       0x14 /usr/lib/gcc/arm-none-eabi/5.4.1/../../../arm-none-eabi/lib/armv7-m/libc_nano.a(lib_a-nano-msizer.o)
                0x00000000002033f8                _malloc_usable_size_r
 *(.glue_7t)
 .glue_7t       0x000000000020340c        0x0 linker stubs
 *(.glue_7)
 .glue_7        0x000000000020340c        0x0 linker stubs
 *(.rodata .rodata* .gnu.linkonce.r.*)
 .rodata.str1.1
                0x000000000020340c      0x259 /home/geith/workspace_wsn/riot-wdt/hc-04/bin/remote-revb/cortexm_common.a(vectors_cortexm.o)
 .rodata.assert_crash_message
                0x0000000000203665       0x12 /home/geith/workspace_wsn/riot-wdt/hc-04/bin/remote-revb/core.a(panic.o)
                0x0000000000203665                assert_crash_message
 .rodata.str1.1
                0x0000000000203677       0x2e /home/geith/workspace_wsn/riot-wdt/hc-04/bin/remote-revb/core.a(panic.o)
                                         0x30 (size before relaxing)
 .rodata.str1.1
                0x00000000002036a5       0x5d /home/geith/workspace_wsn/riot-wdt/hc-04/bin/remote-revb/core.a(kernel_init.o)
 *fill*         0x0000000000203702        0x2 
 .rodata.timer_config
                0x0000000000203704       0x30 /home/geith/workspace_wsn/riot-wdt/hc-04/bin/remote-revb/periph.a(timer.o)
 .rodata.IRQn_lut
                0x0000000000203734       0x10 /home/geith/workspace_wsn/riot-wdt/hc-04/bin/remote-revb/periph.a(timer.o)
 .rodata        0x0000000000203744        0x2 /home/geith/workspace_wsn/riot-wdt/hc-04/bin/remote-revb/ps.a(ps.o)
 *fill*         0x0000000000203746        0x2 
 .rodata.state_names
                0x0000000000203748       0x2c /home/geith/workspace_wsn/riot-wdt/hc-04/bin/remote-revb/ps.a(ps.o)
 .rodata.str1.1
                0x0000000000203774      0x157 /home/geith/workspace_wsn/riot-wdt/hc-04/bin/remote-revb/ps.a(ps.o)
 .rodata.str1.1
                0x00000000002038cb       0x50 /home/geith/workspace_wsn/riot-wdt/hc-04/bin/remote-revb/default.a(main.o)
 *fill*         0x000000000020391b        0x1 
 .rodata.spi_config
                0x000000000020391c       0x28 /home/geith/workspace_wsn/riot-wdt/hc-04/bin/remote-revb/periph.a(spi.o)
 .rodata        0x0000000000203944        0x4 /usr/lib/gcc/arm-none-eabi/5.4.1/../../../arm-none-eabi/lib/armv7-m/libc_nano.a(lib_a-impure.o)
                0x0000000000203944                _global_impure_ptr
 .rodata.str1.4
                0x0000000000203948        0x2 /usr/lib/gcc/arm-none-eabi/5.4.1/../../../arm-none-eabi/lib/armv7-m/libc_nano.a(lib_a-impure.o)
 *fill*         0x000000000020394a        0x2 
 .rodata        0x000000000020394c       0x60 /usr/lib/gcc/arm-none-eabi/5.4.1/../../../arm-none-eabi/lib/armv7-m/libc_nano.a(lib_a-findfp.o)
                0x000000000020394c                __sf_fake_stderr
                0x000000000020396c                __sf_fake_stdout
                0x000000000020398c                __sf_fake_stdin
 .rodata.str1.4
                0x00000000002039ac       0x13 /usr/lib/gcc/arm-none-eabi/5.4.1/../../../arm-none-eabi/lib/armv7-m/libc_nano.a(lib_a-nano-vfprintf.o)
 *fill*         0x00000000002039bf        0x1 
 .rodata.str1.4
                0x00000000002039c0       0x28 /usr/lib/gcc/arm-none-eabi/5.4.1/../../../arm-none-eabi/lib/armv7-m/libc_nano.a(lib_a-nano-vfprintf_i.o)
                                         0x25 (size before relaxing)
 *(.ARM.extab* .gnu.linkonce.armextab.*)
                0x00000000002039e8                . = ALIGN (0x4)
 *(.init)
                0x00000000002039e8                . = ALIGN (0x4)
                0x00000000002039e8                __preinit_array_start = .
 *(.preinit_array)
                0x00000000002039e8                __preinit_array_end = .
                0x00000000002039e8                . = ALIGN (0x4)
                0x00000000002039e8                __init_array_start = .
 *(SORT(.init_array.*))
 *(.init_array)
                0x00000000002039e8                __init_array_end = .
                0x00000000002039e8                . = ALIGN (0x4)
 *crtbegin.o(.ctors)
 *(EXCLUDE_FILE(*crtend.o) .ctors)
 *(SORT(.ctors.*))
 *crtend.o(.ctors)
                0x00000000002039e8                . = ALIGN (0x4)
 *(.fini)
                0x00000000002039e8                . = ALIGN (0x4)
                0x00000000002039e8                __fini_array_start = .
 *(.fini_array)
 *(SORT(.fini_array.*))
                0x00000000002039e8                __fini_array_end = .
 *crtbegin.o(.dtors)
 *(EXCLUDE_FILE(*crtend.o) .dtors)
 *(SORT(.dtors.*))
 *crtend.o(.dtors)
                0x00000000002039e8                . = ALIGN (0x4)
                0x00000000002039e8                _efixed = .
                [!provide]                        PROVIDE (__exidx_start, .)

.vfp11_veneer   0x00000000002039e8        0x0
 .vfp11_veneer  0x00000000002039e8        0x0 linker stubs

.v4_bx          0x00000000002039e8        0x0
 .v4_bx         0x00000000002039e8        0x0 linker stubs

.iplt           0x00000000002039e8        0x0
 .iplt          0x00000000002039e8        0x0 /home/geith/workspace_wsn/riot-wdt/hc-04/bin/remote-revb/cpu/vectors.o

.igot.plt       0x00000000002039e8        0x0
 .igot.plt      0x00000000002039e8        0x0 /home/geith/workspace_wsn/riot-wdt/hc-04/bin/remote-revb/cpu/vectors.o

.rel.dyn        0x00000000002039e8        0x0
 .rel.iplt      0x00000000002039e8        0x0 /home/geith/workspace_wsn/riot-wdt/hc-04/bin/remote-revb/cpu/vectors.o

.ARM.exidx
 *(.ARM.exidx* .gnu.linkonce.armexidx.*)
                [!provide]                        PROVIDE (__exidx_end, .)
                0x00000000002039e8                . = ALIGN (0x4)

.eh_frame
 *(.eh_frame)
                0x00000000002039e8                . = ALIGN (0x4)
                0x00000000002039e8                _etext = .

.stack          0x0000000020000000      0x200
                0x0000000020000000                . = ALIGN (0x8)
                0x0000000020000000                _sstack = .
 *(.isr_stack)
 .isr_stack     0x0000000020000000      0x200 /home/geith/workspace_wsn/riot-wdt/hc-04/bin/remote-revb/cortexm_common.a(vectors_cortexm.o)
                0x0000000020000000                isr_stack
                0x0000000020000200                . = ALIGN (0x8)
                0x0000000020000200                _estack = .

.relocate       0x0000000020000200       0x90 load address 0x00000000002039e8
                0x0000000020000200                . = ALIGN (0x4)
                0x0000000020000200                _srelocate = .
 *(.ramfunc .ramfunc.*)
 *(.data .data.*)
 .data.heap_top
                0x0000000020000200        0x4 /home/geith/workspace_wsn/riot-wdt/hc-04/bin/remote-revb/newlib_syscalls_default/syscalls.o
                0x0000000020000200                heap_top
 .data.uart_stdio_isrpipe
                0x0000000020000204       0x14 /home/geith/workspace_wsn/riot-wdt/hc-04/bin/remote-revb/uart_stdio.a(uart_stdio.o)
                0x0000000020000204                uart_stdio_isrpipe
 .data.idle_name
                0x0000000020000218        0x4 /home/geith/workspace_wsn/riot-wdt/hc-04/bin/remote-revb/core.a(kernel_init.o)
                0x0000000020000218                idle_name
 .data.main_name
                0x000000002000021c        0x4 /home/geith/workspace_wsn/riot-wdt/hc-04/bin/remote-revb/core.a(kernel_init.o)
                0x000000002000021c                main_name
 .data.echo_pin
                0x0000000020000220        0x4 /home/geith/workspace_wsn/riot-wdt/hc-04/bin/remote-revb/default.a(main.o)
                0x0000000020000220                echo_pin
 .data.trigger_pin
                0x0000000020000224        0x4 /home/geith/workspace_wsn/riot-wdt/hc-04/bin/remote-revb/default.a(main.o)
                0x0000000020000224                trigger_pin
 .data          0x0000000020000228       0x64 /usr/lib/gcc/arm-none-eabi/5.4.1/../../../arm-none-eabi/lib/armv7-m/libc_nano.a(lib_a-impure.o)
                0x0000000020000228                _impure_ptr
 *(.openocd .openocd.*)
 .openocd       0x000000002000028c        0x2 /home/geith/workspace_wsn/riot-wdt/hc-04/bin/remote-revb/core.a(sched.o)
                0x000000002000028c                _tcb_name_offset
                0x000000002000028d                max_threads
                0x0000000020000290                . = ALIGN (0x4)
 *fill*         0x000000002000028e        0x2 
                0x0000000020000290                _erelocate = .

.bss            0x0000000020000290      0x96c load address 0x0000000000203a78
                0x0000000020000290                . = ALIGN (0x4)
                0x0000000020000290                _sbss = .
                0x0000000020000290                _szero = .
 *(.bss .bss.*)
 .bss.sched_context_switch_request
                0x0000000020000290        0x4 /home/geith/workspace_wsn/riot-wdt/hc-04/bin/remote-revb/core.a(sched.o)
                0x0000000020000290                sched_context_switch_request
 .bss.sched_active_pid
                0x0000000020000294        0x2 /home/geith/workspace_wsn/riot-wdt/hc-04/bin/remote-revb/core.a(sched.o)
                0x0000000020000294                sched_active_pid
 *fill*         0x0000000020000296        0x2 
 .bss.sched_active_thread
                0x0000000020000298        0x4 /home/geith/workspace_wsn/riot-wdt/hc-04/bin/remote-revb/core.a(sched.o)
                0x0000000020000298                sched_active_thread
 .bss.sched_num_threads
                0x000000002000029c        0x4 /home/geith/workspace_wsn/riot-wdt/hc-04/bin/remote-revb/core.a(sched.o)
                0x000000002000029c                sched_num_threads
 .bss.sched_runqueues
                0x00000000200002a0       0x40 /home/geith/workspace_wsn/riot-wdt/hc-04/bin/remote-revb/core.a(sched.o)
                0x00000000200002a0                sched_runqueues
 .bss.sched_threads
                0x00000000200002e0       0x84 /home/geith/workspace_wsn/riot-wdt/hc-04/bin/remote-revb/core.a(sched.o)
                0x00000000200002e0                sched_threads
 .bss.runqueue_bitcache
                0x0000000020000364        0x4 /home/geith/workspace_wsn/riot-wdt/hc-04/bin/remote-revb/core.a(sched.o)
 .bss._rx_buf_mem
                0x0000000020000368       0x40 /home/geith/workspace_wsn/riot-wdt/hc-04/bin/remote-revb/uart_stdio.a(uart_stdio.o)
 .bss.overflow_list_head
                0x00000000200003a8        0x4 /home/geith/workspace_wsn/riot-wdt/hc-04/bin/remote-revb/xtimer.a(xtimer_core.o)
 .bss._in_handler
                0x00000000200003ac        0x4 /home/geith/workspace_wsn/riot-wdt/hc-04/bin/remote-revb/xtimer.a(xtimer_core.o)
 .bss._xtimer_high_cnt
                0x00000000200003b0        0x4 /home/geith/workspace_wsn/riot-wdt/hc-04/bin/remote-revb/xtimer.a(xtimer_core.o)
                0x00000000200003b0                _xtimer_high_cnt
 .bss._long_cnt
                0x00000000200003b4        0x4 /home/geith/workspace_wsn/riot-wdt/hc-04/bin/remote-revb/xtimer.a(xtimer_core.o)
 .bss.timer_list_head
                0x00000000200003b8        0x4 /home/geith/workspace_wsn/riot-wdt/hc-04/bin/remote-revb/xtimer.a(xtimer_core.o)
 .bss.long_list_head
                0x00000000200003bc        0x4 /home/geith/workspace_wsn/riot-wdt/hc-04/bin/remote-revb/xtimer.a(xtimer_core.o)
 .bss.crashed   0x00000000200003c0        0x4 /home/geith/workspace_wsn/riot-wdt/hc-04/bin/remote-revb/core.a(panic.o)
 .bss.idle_stack
                0x00000000200003c4      0x100 /home/geith/workspace_wsn/riot-wdt/hc-04/bin/remote-revb/core.a(kernel_init.o)
 .bss.main_stack
                0x00000000200004c4      0x600 /home/geith/workspace_wsn/riot-wdt/hc-04/bin/remote-revb/core.a(kernel_init.o)
 .bss.uart_config
                0x0000000020000ac4        0x8 /home/geith/workspace_wsn/riot-wdt/hc-04/bin/remote-revb/periph.a(uart.o)
 .bss.isr_ctx   0x0000000020000acc      0x100 /home/geith/workspace_wsn/riot-wdt/hc-04/bin/remote-revb/periph.a(gpio.o)
 .bss.config    0x0000000020000bcc       0x20 /home/geith/workspace_wsn/riot-wdt/hc-04/bin/remote-revb/periph.a(timer.o)
 .bss.echo_time
                0x0000000020000bec        0x4 /home/geith/workspace_wsn/riot-wdt/hc-04/bin/remote-revb/default.a(main.o)
                0x0000000020000bec                echo_time
 .bss.echo_time_start
                0x0000000020000bf0        0x4 /home/geith/workspace_wsn/riot-wdt/hc-04/bin/remote-revb/default.a(main.o)
                0x0000000020000bf0                echo_time_start
 .bss           0x0000000020000bf4        0x8 /usr/lib/gcc/arm-none-eabi/5.4.1/../../../arm-none-eabi/lib/armv7-m/libc_nano.a(lib_a-nano-mallocr.o)
                0x0000000020000bf4                __malloc_free_list
                0x0000000020000bf8                __malloc_sbrk_start
 *(COMMON)
                0x0000000020000bfc                . = ALIGN (0x4)
                0x0000000020000bfc                _ebss = .
                0x0000000020000bfc                _ezero = .
                0x0000000020000bfc                . = ALIGN (0x4)
                0x0000000020000bfc                _sheap = .
                0x0000000020008000                _eheap = (ORIGIN (ram) + LENGTH (ram))
                0x0000000020000000                _sram = ORIGIN (ram)
                0x0000000020008000                _eram = (ORIGIN (ram) + LENGTH (ram))
OUTPUT(/home/geith/workspace_wsn/riot-wdt/hc-04/bin/remote-revb/default.elf elf32-littlearm)

.debug_info     0x0000000000000000    0x2277c
 .debug_info    0x0000000000000000      0xb05 /home/geith/workspace_wsn/riot-wdt/hc-04/bin/remote-revb/cpu/vectors.o
 .debug_info    0x0000000000000b05     0x1b58 /home/geith/workspace_wsn/riot-wdt/hc-04/bin/remote-revb/newlib_syscalls_default/syscalls.o
 .debug_info    0x000000000000265d      0x5c7 /home/geith/workspace_wsn/riot-wdt/hc-04/bin/remote-revb/core.a(sched.o)
 .debug_info    0x0000000000002c24      0x116 /home/geith/workspace_wsn/riot-wdt/hc-04/bin/remote-revb/core.a(bitarithm.o)
 .debug_info    0x0000000000002d3a      0x750 /home/geith/workspace_wsn/riot-wdt/hc-04/bin/remote-revb/cortexm_common.a(thread_arch.o)
 .debug_info    0x000000000000348a      0x291 /home/geith/workspace_wsn/riot-wdt/hc-04/bin/remote-revb/cortexm_common.a(irq_arch.o)
 .debug_info    0x000000000000371b     0x12ab /home/geith/workspace_wsn/riot-wdt/hc-04/bin/remote-revb/cortexm_common.a(vectors_cortexm.o)
 .debug_info    0x00000000000049c6      0xaa2 /home/geith/workspace_wsn/riot-wdt/hc-04/bin/remote-revb/periph_common.a(pm.o)
 .debug_info    0x0000000000005468      0xc95 /home/geith/workspace_wsn/riot-wdt/hc-04/bin/remote-revb/uart_stdio.a(uart_stdio.o)
 .debug_info    0x00000000000060fd     0x1765 /home/geith/workspace_wsn/riot-wdt/hc-04/bin/remote-revb/xtimer.a(xtimer_core.o)
 .debug_info    0x0000000000007862      0xe65 /home/geith/workspace_wsn/riot-wdt/hc-04/bin/remote-revb/board.a(board.o)
 .debug_info    0x00000000000086c7      0xc56 /home/geith/workspace_wsn/riot-wdt/hc-04/bin/remote-revb/core.a(panic.o)
 .debug_info    0x000000000000931d      0xc71 /home/geith/workspace_wsn/riot-wdt/hc-04/bin/remote-revb/core.a(kernel_init.o)
 .debug_info    0x0000000000009f8e      0x94b /home/geith/workspace_wsn/riot-wdt/hc-04/bin/remote-revb/core.a(thread.o)
 .debug_info    0x000000000000a8d9      0x6ab /home/geith/workspace_wsn/riot-wdt/hc-04/bin/remote-revb/cpu.a(cpu.o)
 .debug_info    0x000000000000af84     0x1112 /home/geith/workspace_wsn/riot-wdt/hc-04/bin/remote-revb/isrpipe.a(isrpipe.o)
 .debug_info    0x000000000000c096     0x20de /home/geith/workspace_wsn/riot-wdt/hc-04/bin/remote-revb/periph.a(uart.o)
 .debug_info    0x000000000000e174     0x19fb /home/geith/workspace_wsn/riot-wdt/hc-04/bin/remote-revb/periph.a(gpio.o)
 .debug_info    0x000000000000fb6f     0x1a96 /home/geith/workspace_wsn/riot-wdt/hc-04/bin/remote-revb/periph.a(timer.o)
 .debug_info    0x0000000000011605      0xabd /home/geith/workspace_wsn/riot-wdt/hc-04/bin/remote-revb/periph_common.a(init.o)
 .debug_info    0x00000000000120c2      0x534 /home/geith/workspace_wsn/riot-wdt/hc-04/bin/remote-revb/ps.a(ps.o)
 .debug_info    0x00000000000125f6      0x32f /home/geith/workspace_wsn/riot-wdt/hc-04/bin/remote-revb/tsrb.a(tsrb.o)
 .debug_info    0x0000000000012925     0x1148 /home/geith/workspace_wsn/riot-wdt/hc-04/bin/remote-revb/default.a(main.o)
 .debug_info    0x0000000000013a6d      0xa9c /home/geith/workspace_wsn/riot-wdt/hc-04/bin/remote-revb/auto_init.a(auto_init.o)
 .debug_info    0x0000000000014509      0x5e5 /home/geith/workspace_wsn/riot-wdt/hc-04/bin/remote-revb/core.a(mutex.o)
 .debug_info    0x0000000000014aee      0x61e /home/geith/workspace_wsn/riot-wdt/hc-04/bin/remote-revb/cortexm_common.a(cortexm_init.o)
 .debug_info    0x000000000001510c     0x1344 /home/geith/workspace_wsn/riot-wdt/hc-04/bin/remote-revb/periph.a(spi.o)
 .debug_info    0x0000000000016450     0x19d1 /home/geith/workspace_wsn/riot-wdt/hc-04/bin/remote-revb/xtimer.a(xtimer.o)
 .debug_info    0x0000000000017e21      0x7da /usr/lib/gcc/arm-none-eabi/5.4.1/../../../arm-none-eabi/lib/armv7-m/libc_nano.a(lib_a-impure.o)
 .debug_info    0x00000000000185fb      0x110 /usr/lib/gcc/arm-none-eabi/5.4.1/../../../arm-none-eabi/lib/armv7-m/libc_nano.a(lib_a-init.o)
 .debug_info    0x000000000001870b      0x11e /usr/lib/gcc/arm-none-eabi/5.4.1/../../../arm-none-eabi/lib/armv7-m/libc_nano.a(lib_a-memset.o)
 .debug_info    0x0000000000018829      0x871 /usr/lib/gcc/arm-none-eabi/5.4.1/../../../arm-none-eabi/lib/armv7-m/libc_nano.a(lib_a-printf.o)
 .debug_info    0x000000000001909a      0x992 /usr/lib/gcc/arm-none-eabi/5.4.1/../../../arm-none-eabi/lib/armv7-m/libc_nano.a(lib_a-puts.o)
 .debug_info    0x0000000000019a2c      0x8f2 /usr/lib/gcc/arm-none-eabi/5.4.1/../../../arm-none-eabi/lib/armv7-m/libc_nano.a(lib_a-wbuf.o)
 .debug_info    0x000000000001a31e      0x871 /usr/lib/gcc/arm-none-eabi/5.4.1/../../../arm-none-eabi/lib/armv7-m/libc_nano.a(lib_a-wsetup.o)
 .debug_info    0x000000000001ab8f      0x9c4 /usr/lib/gcc/arm-none-eabi/5.4.1/../../../arm-none-eabi/lib/armv7-m/libc_nano.a(lib_a-fflush.o)
 .debug_info    0x000000000001b553      0xd7c /usr/lib/gcc/arm-none-eabi/5.4.1/../../../arm-none-eabi/lib/armv7-m/libc_nano.a(lib_a-findfp.o)
 .debug_info    0x000000000001c2cf      0x851 /usr/lib/gcc/arm-none-eabi/5.4.1/../../../arm-none-eabi/lib/armv7-m/libc_nano.a(lib_a-fwalk.o)
 .debug_info    0x000000000001cb20      0xac7 /usr/lib/gcc/arm-none-eabi/5.4.1/../../../arm-none-eabi/lib/armv7-m/libc_nano.a(lib_a-makebuf.o)
 .debug_info    0x000000000001d5e7      0x825 /usr/lib/gcc/arm-none-eabi/5.4.1/../../../arm-none-eabi/lib/armv7-m/libc_nano.a(lib_a-nano-freer.o)
 .debug_info    0x000000000001de0c      0x8ec /usr/lib/gcc/arm-none-eabi/5.4.1/../../../arm-none-eabi/lib/armv7-m/libc_nano.a(lib_a-nano-mallocr.o)
 .debug_info    0x000000000001e6f8      0xd65 /usr/lib/gcc/arm-none-eabi/5.4.1/../../../arm-none-eabi/lib/armv7-m/libc_nano.a(lib_a-nano-vfprintf.o)
 .debug_info    0x000000000001f45d      0xb3b /usr/lib/gcc/arm-none-eabi/5.4.1/../../../arm-none-eabi/lib/armv7-m/libc_nano.a(lib_a-nano-vfprintf_i.o)
 .debug_info    0x000000000001ff98      0x9d5 /usr/lib/gcc/arm-none-eabi/5.4.1/../../../arm-none-eabi/lib/armv7-m/libc_nano.a(lib_a-stdio.o)
 .debug_info    0x000000000002096d      0xa9c /usr/lib/gcc/arm-none-eabi/5.4.1/../../../arm-none-eabi/lib/armv7-m/libc_nano.a(lib_a-fvwrite.o)
 .debug_info    0x0000000000021409      0x132 /usr/lib/gcc/arm-none-eabi/5.4.1/../../../arm-none-eabi/lib/armv7-m/libc_nano.a(lib_a-memchr-stub.o)
 .debug_info    0x000000000002153b       0xc7 /usr/lib/gcc/arm-none-eabi/5.4.1/../../../arm-none-eabi/lib/armv7-m/libc_nano.a(lib_a-memcpy.o)
 .debug_info    0x0000000000021602      0x138 /usr/lib/gcc/arm-none-eabi/5.4.1/../../../arm-none-eabi/lib/armv7-m/libc_nano.a(lib_a-memmove.o)
 .debug_info    0x000000000002173a      0x882 /usr/lib/gcc/arm-none-eabi/5.4.1/../../../arm-none-eabi/lib/armv7-m/libc_nano.a(lib_a-nano-reallocr.o)
 .debug_info    0x0000000000021fbc      0x7c0 /usr/lib/gcc/arm-none-eabi/5.4.1/../../../arm-none-eabi/lib/armv7-m/libc_nano.a(lib_a-nano-msizer.o)

.debug_abbrev   0x0000000000000000     0x6a40
 .debug_abbrev  0x0000000000000000      0x1b2 /home/geith/workspace_wsn/riot-wdt/hc-04/bin/remote-revb/cpu/vectors.o
 .debug_abbrev  0x00000000000001b2      0x467 /home/geith/workspace_wsn/riot-wdt/hc-04/bin/remote-revb/newlib_syscalls_default/syscalls.o
 .debug_abbrev  0x0000000000000619      0x287 /home/geith/workspace_wsn/riot-wdt/hc-04/bin/remote-revb/core.a(sched.o)
 .debug_abbrev  0x00000000000008a0       0x81 /home/geith/workspace_wsn/riot-wdt/hc-04/bin/remote-revb/core.a(bitarithm.o)
 .debug_abbrev  0x0000000000000921      0x2f1 /home/geith/workspace_wsn/riot-wdt/hc-04/bin/remote-revb/cortexm_common.a(thread_arch.o)
 .debug_abbrev  0x0000000000000c12      0x152 /home/geith/workspace_wsn/riot-wdt/hc-04/bin/remote-revb/cortexm_common.a(irq_arch.o)
 .debug_abbrev  0x0000000000000d64      0x38f /home/geith/workspace_wsn/riot-wdt/hc-04/bin/remote-revb/cortexm_common.a(vectors_cortexm.o)
 .debug_abbrev  0x00000000000010f3      0x1a0 /home/geith/workspace_wsn/riot-wdt/hc-04/bin/remote-revb/periph_common.a(pm.o)
 .debug_abbrev  0x0000000000001293      0x222 /home/geith/workspace_wsn/riot-wdt/hc-04/bin/remote-revb/uart_stdio.a(uart_stdio.o)
 .debug_abbrev  0x00000000000014b5      0x4d5 /home/geith/workspace_wsn/riot-wdt/hc-04/bin/remote-revb/xtimer.a(xtimer_core.o)
 .debug_abbrev  0x000000000000198a      0x21d /home/geith/workspace_wsn/riot-wdt/hc-04/bin/remote-revb/board.a(board.o)
 .debug_abbrev  0x0000000000001ba7      0x25b /home/geith/workspace_wsn/riot-wdt/hc-04/bin/remote-revb/core.a(panic.o)
 .debug_abbrev  0x0000000000001e02      0x23a /home/geith/workspace_wsn/riot-wdt/hc-04/bin/remote-revb/core.a(kernel_init.o)
 .debug_abbrev  0x000000000000203c      0x2af /home/geith/workspace_wsn/riot-wdt/hc-04/bin/remote-revb/core.a(thread.o)
 .debug_abbrev  0x00000000000022eb      0x175 /home/geith/workspace_wsn/riot-wdt/hc-04/bin/remote-revb/cpu.a(cpu.o)
 .debug_abbrev  0x0000000000002460      0x30b /home/geith/workspace_wsn/riot-wdt/hc-04/bin/remote-revb/isrpipe.a(isrpipe.o)
 .debug_abbrev  0x000000000000276b      0x416 /home/geith/workspace_wsn/riot-wdt/hc-04/bin/remote-revb/periph.a(uart.o)
 .debug_abbrev  0x0000000000002b81      0x37d /home/geith/workspace_wsn/riot-wdt/hc-04/bin/remote-revb/periph.a(gpio.o)
 .debug_abbrev  0x0000000000002efe      0x3ee /home/geith/workspace_wsn/riot-wdt/hc-04/bin/remote-revb/periph.a(timer.o)
 .debug_abbrev  0x00000000000032ec      0x1ba /home/geith/workspace_wsn/riot-wdt/hc-04/bin/remote-revb/periph_common.a(init.o)
 .debug_abbrev  0x00000000000034a6      0x1b2 /home/geith/workspace_wsn/riot-wdt/hc-04/bin/remote-revb/ps.a(ps.o)
 .debug_abbrev  0x0000000000003658      0x15e /home/geith/workspace_wsn/riot-wdt/hc-04/bin/remote-revb/tsrb.a(tsrb.o)
 .debug_abbrev  0x00000000000037b6      0x2fd /home/geith/workspace_wsn/riot-wdt/hc-04/bin/remote-revb/default.a(main.o)
 .debug_abbrev  0x0000000000003ab3      0x18b /home/geith/workspace_wsn/riot-wdt/hc-04/bin/remote-revb/auto_init.a(auto_init.o)
 .debug_abbrev  0x0000000000003c3e      0x20d /home/geith/workspace_wsn/riot-wdt/hc-04/bin/remote-revb/core.a(mutex.o)
 .debug_abbrev  0x0000000000003e4b      0x1a6 /home/geith/workspace_wsn/riot-wdt/hc-04/bin/remote-revb/cortexm_common.a(cortexm_init.o)
 .debug_abbrev  0x0000000000003ff1      0x30c /home/geith/workspace_wsn/riot-wdt/hc-04/bin/remote-revb/periph.a(spi.o)
 .debug_abbrev  0x00000000000042fd      0x3c2 /home/geith/workspace_wsn/riot-wdt/hc-04/bin/remote-revb/xtimer.a(xtimer.o)
 .debug_abbrev  0x00000000000046bf      0x136 /usr/lib/gcc/arm-none-eabi/5.4.1/../../../arm-none-eabi/lib/armv7-m/libc_nano.a(lib_a-impure.o)
 .debug_abbrev  0x00000000000047f5       0xba /usr/lib/gcc/arm-none-eabi/5.4.1/../../../arm-none-eabi/lib/armv7-m/libc_nano.a(lib_a-init.o)
 .debug_abbrev  0x00000000000048af       0x9f /usr/lib/gcc/arm-none-eabi/5.4.1/../../../arm-none-eabi/lib/armv7-m/libc_nano.a(lib_a-memset.o)
 .debug_abbrev  0x000000000000494e      0x1ed /usr/lib/gcc/arm-none-eabi/5.4.1/../../../arm-none-eabi/lib/armv7-m/libc_nano.a(lib_a-printf.o)
 .debug_abbrev  0x0000000000004b3b      0x235 /usr/lib/gcc/arm-none-eabi/5.4.1/../../../arm-none-eabi/lib/armv7-m/libc_nano.a(lib_a-puts.o)
 .debug_abbrev  0x0000000000004d70      0x1e7 /usr/lib/gcc/arm-none-eabi/5.4.1/../../../arm-none-eabi/lib/armv7-m/libc_nano.a(lib_a-wbuf.o)
 .debug_abbrev  0x0000000000004f57      0x1a3 /usr/lib/gcc/arm-none-eabi/5.4.1/../../../arm-none-eabi/lib/armv7-m/libc_nano.a(lib_a-wsetup.o)
 .debug_abbrev  0x00000000000050fa      0x237 /usr/lib/gcc/arm-none-eabi/5.4.1/../../../arm-none-eabi/lib/armv7-m/libc_nano.a(lib_a-fflush.o)
 .debug_abbrev  0x0000000000005331      0x320 /usr/lib/gcc/arm-none-eabi/5.4.1/../../../arm-none-eabi/lib/armv7-m/libc_nano.a(lib_a-findfp.o)
 .debug_abbrev  0x0000000000005651      0x167 /usr/lib/gcc/arm-none-eabi/5.4.1/../../../arm-none-eabi/lib/armv7-m/libc_nano.a(lib_a-fwalk.o)
 .debug_abbrev  0x00000000000057b8      0x23b /usr/lib/gcc/arm-none-eabi/5.4.1/../../../arm-none-eabi/lib/armv7-m/libc_nano.a(lib_a-makebuf.o)
 .debug_abbrev  0x00000000000059f3      0x1b8 /usr/lib/gcc/arm-none-eabi/5.4.1/../../../arm-none-eabi/lib/armv7-m/libc_nano.a(lib_a-nano-freer.o)
 .debug_abbrev  0x0000000000005bab      0x22e /usr/lib/gcc/arm-none-eabi/5.4.1/../../../arm-none-eabi/lib/armv7-m/libc_nano.a(lib_a-nano-mallocr.o)
 .debug_abbrev  0x0000000000005dd9      0x275 /usr/lib/gcc/arm-none-eabi/5.4.1/../../../arm-none-eabi/lib/armv7-m/libc_nano.a(lib_a-nano-vfprintf.o)
 .debug_abbrev  0x000000000000604e      0x1f5 /usr/lib/gcc/arm-none-eabi/5.4.1/../../../arm-none-eabi/lib/armv7-m/libc_nano.a(lib_a-nano-vfprintf_i.o)
 .debug_abbrev  0x0000000000006243      0x1cf /usr/lib/gcc/arm-none-eabi/5.4.1/../../../arm-none-eabi/lib/armv7-m/libc_nano.a(lib_a-stdio.o)
 .debug_abbrev  0x0000000000006412      0x1c1 /usr/lib/gcc/arm-none-eabi/5.4.1/../../../arm-none-eabi/lib/armv7-m/libc_nano.a(lib_a-fvwrite.o)
 .debug_abbrev  0x00000000000065d3       0xab /usr/lib/gcc/arm-none-eabi/5.4.1/../../../arm-none-eabi/lib/armv7-m/libc_nano.a(lib_a-memchr-stub.o)
 .debug_abbrev  0x000000000000667e       0x14 /usr/lib/gcc/arm-none-eabi/5.4.1/../../../arm-none-eabi/lib/armv7-m/libc_nano.a(lib_a-memcpy.o)
 .debug_abbrev  0x0000000000006692       0xab /usr/lib/gcc/arm-none-eabi/5.4.1/../../../arm-none-eabi/lib/armv7-m/libc_nano.a(lib_a-memmove.o)
 .debug_abbrev  0x000000000000673d      0x1a2 /usr/lib/gcc/arm-none-eabi/5.4.1/../../../arm-none-eabi/lib/armv7-m/libc_nano.a(lib_a-nano-reallocr.o)
 .debug_abbrev  0x00000000000068df      0x161 /usr/lib/gcc/arm-none-eabi/5.4.1/../../../arm-none-eabi/lib/armv7-m/libc_nano.a(lib_a-nano-msizer.o)

.debug_aranges  0x0000000000000000      0xa68
 .debug_aranges
                0x0000000000000000       0x20 /home/geith/workspace_wsn/riot-wdt/hc-04/bin/remote-revb/cpu/vectors.o
 .debug_aranges
                0x0000000000000020       0xa8 /home/geith/workspace_wsn/riot-wdt/hc-04/bin/remote-revb/newlib_syscalls_default/syscalls.o
 .debug_aranges
                0x00000000000000c8       0x38 /home/geith/workspace_wsn/riot-wdt/hc-04/bin/remote-revb/core.a(sched.o)
 .debug_aranges
                0x0000000000000100       0x30 /home/geith/workspace_wsn/riot-wdt/hc-04/bin/remote-revb/core.a(bitarithm.o)
 .debug_aranges
                0x0000000000000130       0x60 /home/geith/workspace_wsn/riot-wdt/hc-04/bin/remote-revb/cortexm_common.a(thread_arch.o)
 .debug_aranges
                0x0000000000000190       0x38 /home/geith/workspace_wsn/riot-wdt/hc-04/bin/remote-revb/cortexm_common.a(irq_arch.o)
 .debug_aranges
                0x00000000000001c8       0x68 /home/geith/workspace_wsn/riot-wdt/hc-04/bin/remote-revb/cortexm_common.a(vectors_cortexm.o)
 .debug_aranges
                0x0000000000000230       0x28 /home/geith/workspace_wsn/riot-wdt/hc-04/bin/remote-revb/periph_common.a(pm.o)
 .debug_aranges
                0x0000000000000258       0x30 /home/geith/workspace_wsn/riot-wdt/hc-04/bin/remote-revb/uart_stdio.a(uart_stdio.o)
 .debug_aranges
                0x0000000000000288       0x80 /home/geith/workspace_wsn/riot-wdt/hc-04/bin/remote-revb/xtimer.a(xtimer_core.o)
 .debug_aranges
                0x0000000000000308       0x20 /home/geith/workspace_wsn/riot-wdt/hc-04/bin/remote-revb/board.a(board.o)
 .debug_aranges
                0x0000000000000328       0x28 /home/geith/workspace_wsn/riot-wdt/hc-04/bin/remote-revb/core.a(panic.o)
 .debug_aranges
                0x0000000000000350       0x30 /home/geith/workspace_wsn/riot-wdt/hc-04/bin/remote-revb/core.a(kernel_init.o)
 .debug_aranges
                0x0000000000000380       0x60 /home/geith/workspace_wsn/riot-wdt/hc-04/bin/remote-revb/core.a(thread.o)
 .debug_aranges
                0x00000000000003e0       0x20 /home/geith/workspace_wsn/riot-wdt/hc-04/bin/remote-revb/cpu.a(cpu.o)
 .debug_aranges
                0x0000000000000400       0x48 /home/geith/workspace_wsn/riot-wdt/hc-04/bin/remote-revb/isrpipe.a(isrpipe.o)
 .debug_aranges
                0x0000000000000448       0x38 /home/geith/workspace_wsn/riot-wdt/hc-04/bin/remote-revb/periph.a(uart.o)
 .debug_aranges
                0x0000000000000480       0x90 /home/geith/workspace_wsn/riot-wdt/hc-04/bin/remote-revb/periph.a(gpio.o)
 .debug_aranges
                0x0000000000000510       0xa0 /home/geith/workspace_wsn/riot-wdt/hc-04/bin/remote-revb/periph.a(timer.o)
 .debug_aranges
                0x00000000000005b0       0x20 /home/geith/workspace_wsn/riot-wdt/hc-04/bin/remote-revb/periph_common.a(init.o)
 .debug_aranges
                0x00000000000005d0       0x20 /home/geith/workspace_wsn/riot-wdt/hc-04/bin/remote-revb/ps.a(ps.o)
 .debug_aranges
                0x00000000000005f0       0x38 /home/geith/workspace_wsn/riot-wdt/hc-04/bin/remote-revb/tsrb.a(tsrb.o)
 .debug_aranges
                0x0000000000000628       0x30 /home/geith/workspace_wsn/riot-wdt/hc-04/bin/remote-revb/default.a(main.o)
 .debug_aranges
                0x0000000000000658       0x20 /home/geith/workspace_wsn/riot-wdt/hc-04/bin/remote-revb/auto_init.a(auto_init.o)
 .debug_aranges
                0x0000000000000678       0x30 /home/geith/workspace_wsn/riot-wdt/hc-04/bin/remote-revb/core.a(mutex.o)
 .debug_aranges
                0x00000000000006a8       0x20 /home/geith/workspace_wsn/riot-wdt/hc-04/bin/remote-revb/cortexm_common.a(cortexm_init.o)
 .debug_aranges
                0x00000000000006c8       0x50 /home/geith/workspace_wsn/riot-wdt/hc-04/bin/remote-revb/periph.a(spi.o)
 .debug_aranges
                0x0000000000000718       0x98 /home/geith/workspace_wsn/riot-wdt/hc-04/bin/remote-revb/xtimer.a(xtimer.o)
 .debug_aranges
                0x00000000000007b0       0x18 /usr/lib/gcc/arm-none-eabi/5.4.1/../../../arm-none-eabi/lib/armv7-m/libc_nano.a(lib_a-impure.o)
 .debug_aranges
                0x00000000000007c8       0x20 /usr/lib/gcc/arm-none-eabi/5.4.1/../../../arm-none-eabi/lib/armv7-m/libc_nano.a(lib_a-init.o)
 .debug_aranges
                0x00000000000007e8       0x20 /usr/lib/gcc/arm-none-eabi/5.4.1/../../../arm-none-eabi/lib/armv7-m/libc_nano.a(lib_a-memset.o)
 .debug_aranges
                0x0000000000000808       0x20 /usr/lib/gcc/arm-none-eabi/5.4.1/../../../arm-none-eabi/lib/armv7-m/libc_nano.a(lib_a-printf.o)
 .debug_aranges
                0x0000000000000828       0x20 /usr/lib/gcc/arm-none-eabi/5.4.1/../../../arm-none-eabi/lib/armv7-m/libc_nano.a(lib_a-puts.o)
 .debug_aranges
                0x0000000000000848       0x20 /usr/lib/gcc/arm-none-eabi/5.4.1/../../../arm-none-eabi/lib/armv7-m/libc_nano.a(lib_a-wbuf.o)
 .debug_aranges
                0x0000000000000868       0x20 /usr/lib/gcc/arm-none-eabi/5.4.1/../../../arm-none-eabi/lib/armv7-m/libc_nano.a(lib_a-wsetup.o)
 .debug_aranges
                0x0000000000000888       0x20 /usr/lib/gcc/arm-none-eabi/5.4.1/../../../arm-none-eabi/lib/armv7-m/libc_nano.a(lib_a-fflush.o)
 .debug_aranges
                0x00000000000008a8       0x20 /usr/lib/gcc/arm-none-eabi/5.4.1/../../../arm-none-eabi/lib/armv7-m/libc_nano.a(lib_a-findfp.o)
 .debug_aranges
                0x00000000000008c8       0x20 /usr/lib/gcc/arm-none-eabi/5.4.1/../../../arm-none-eabi/lib/armv7-m/libc_nano.a(lib_a-fwalk.o)
 .debug_aranges
                0x00000000000008e8       0x20 /usr/lib/gcc/arm-none-eabi/5.4.1/../../../arm-none-eabi/lib/armv7-m/libc_nano.a(lib_a-makebuf.o)
 .debug_aranges
                0x0000000000000908       0x20 /usr/lib/gcc/arm-none-eabi/5.4.1/../../../arm-none-eabi/lib/armv7-m/libc_nano.a(lib_a-nano-freer.o)
 .debug_aranges
                0x0000000000000928       0x20 /usr/lib/gcc/arm-none-eabi/5.4.1/../../../arm-none-eabi/lib/armv7-m/libc_nano.a(lib_a-nano-mallocr.o)
 .debug_aranges
                0x0000000000000948       0x20 /usr/lib/gcc/arm-none-eabi/5.4.1/../../../arm-none-eabi/lib/armv7-m/libc_nano.a(lib_a-nano-vfprintf.o)
 .debug_aranges
                0x0000000000000968       0x20 /usr/lib/gcc/arm-none-eabi/5.4.1/../../../arm-none-eabi/lib/armv7-m/libc_nano.a(lib_a-nano-vfprintf_i.o)
 .debug_aranges
                0x0000000000000988       0x20 /usr/lib/gcc/arm-none-eabi/5.4.1/../../../arm-none-eabi/lib/armv7-m/libc_nano.a(lib_a-stdio.o)
 .debug_aranges
                0x00000000000009a8       0x20 /usr/lib/gcc/arm-none-eabi/5.4.1/../../../arm-none-eabi/lib/armv7-m/libc_nano.a(lib_a-fvwrite.o)
 .debug_aranges
                0x00000000000009c8       0x20 /usr/lib/gcc/arm-none-eabi/5.4.1/../../../arm-none-eabi/lib/armv7-m/libc_nano.a(lib_a-memchr-stub.o)
 .debug_aranges
                0x00000000000009e8       0x20 /usr/lib/gcc/arm-none-eabi/5.4.1/../../../arm-none-eabi/lib/armv7-m/libc_nano.a(lib_a-memcpy.o)
 .debug_aranges
                0x0000000000000a08       0x20 /usr/lib/gcc/arm-none-eabi/5.4.1/../../../arm-none-eabi/lib/armv7-m/libc_nano.a(lib_a-memmove.o)
 .debug_aranges
                0x0000000000000a28       0x20 /usr/lib/gcc/arm-none-eabi/5.4.1/../../../arm-none-eabi/lib/armv7-m/libc_nano.a(lib_a-nano-reallocr.o)
 .debug_aranges
                0x0000000000000a48       0x20 /usr/lib/gcc/arm-none-eabi/5.4.1/../../../arm-none-eabi/lib/armv7-m/libc_nano.a(lib_a-nano-msizer.o)

.debug_ranges   0x0000000000000000      0xe70
 .debug_ranges  0x0000000000000000       0x10 /home/geith/workspace_wsn/riot-wdt/hc-04/bin/remote-revb/cpu/vectors.o
 .debug_ranges  0x0000000000000010       0xe8 /home/geith/workspace_wsn/riot-wdt/hc-04/bin/remote-revb/newlib_syscalls_default/syscalls.o
 .debug_ranges  0x00000000000000f8       0x40 /home/geith/workspace_wsn/riot-wdt/hc-04/bin/remote-revb/core.a(sched.o)
 .debug_ranges  0x0000000000000138       0x20 /home/geith/workspace_wsn/riot-wdt/hc-04/bin/remote-revb/core.a(bitarithm.o)
 .debug_ranges  0x0000000000000158       0x50 /home/geith/workspace_wsn/riot-wdt/hc-04/bin/remote-revb/cortexm_common.a(thread_arch.o)
 .debug_ranges  0x00000000000001a8       0x28 /home/geith/workspace_wsn/riot-wdt/hc-04/bin/remote-revb/cortexm_common.a(irq_arch.o)
 .debug_ranges  0x00000000000001d0       0x58 /home/geith/workspace_wsn/riot-wdt/hc-04/bin/remote-revb/cortexm_common.a(vectors_cortexm.o)
 .debug_ranges  0x0000000000000228       0x18 /home/geith/workspace_wsn/riot-wdt/hc-04/bin/remote-revb/periph_common.a(pm.o)
 .debug_ranges  0x0000000000000240       0x20 /home/geith/workspace_wsn/riot-wdt/hc-04/bin/remote-revb/uart_stdio.a(uart_stdio.o)
 .debug_ranges  0x0000000000000260      0x190 /home/geith/workspace_wsn/riot-wdt/hc-04/bin/remote-revb/xtimer.a(xtimer_core.o)
 .debug_ranges  0x00000000000003f0       0x10 /home/geith/workspace_wsn/riot-wdt/hc-04/bin/remote-revb/board.a(board.o)
 .debug_ranges  0x0000000000000400       0x18 /home/geith/workspace_wsn/riot-wdt/hc-04/bin/remote-revb/core.a(panic.o)
 .debug_ranges  0x0000000000000418       0x20 /home/geith/workspace_wsn/riot-wdt/hc-04/bin/remote-revb/core.a(kernel_init.o)
 .debug_ranges  0x0000000000000438       0x80 /home/geith/workspace_wsn/riot-wdt/hc-04/bin/remote-revb/core.a(thread.o)
 .debug_ranges  0x00000000000004b8       0x10 /home/geith/workspace_wsn/riot-wdt/hc-04/bin/remote-revb/cpu.a(cpu.o)
 .debug_ranges  0x00000000000004c8       0x70 /home/geith/workspace_wsn/riot-wdt/hc-04/bin/remote-revb/isrpipe.a(isrpipe.o)
 .debug_ranges  0x0000000000000538       0x58 /home/geith/workspace_wsn/riot-wdt/hc-04/bin/remote-revb/periph.a(uart.o)
 .debug_ranges  0x0000000000000590       0x98 /home/geith/workspace_wsn/riot-wdt/hc-04/bin/remote-revb/periph.a(gpio.o)
 .debug_ranges  0x0000000000000628       0xd8 /home/geith/workspace_wsn/riot-wdt/hc-04/bin/remote-revb/periph.a(timer.o)
 .debug_ranges  0x0000000000000700       0x28 /home/geith/workspace_wsn/riot-wdt/hc-04/bin/remote-revb/periph_common.a(init.o)
 .debug_ranges  0x0000000000000728       0x58 /home/geith/workspace_wsn/riot-wdt/hc-04/bin/remote-revb/ps.a(ps.o)
 .debug_ranges  0x0000000000000780       0x78 /home/geith/workspace_wsn/riot-wdt/hc-04/bin/remote-revb/tsrb.a(tsrb.o)
 .debug_ranges  0x00000000000007f8       0x38 /home/geith/workspace_wsn/riot-wdt/hc-04/bin/remote-revb/default.a(main.o)
 .debug_ranges  0x0000000000000830       0x10 /home/geith/workspace_wsn/riot-wdt/hc-04/bin/remote-revb/auto_init.a(auto_init.o)
 .debug_ranges  0x0000000000000840       0x50 /home/geith/workspace_wsn/riot-wdt/hc-04/bin/remote-revb/core.a(mutex.o)
 .debug_ranges  0x0000000000000890       0x48 /home/geith/workspace_wsn/riot-wdt/hc-04/bin/remote-revb/cortexm_common.a(cortexm_init.o)
 .debug_ranges  0x00000000000008d8      0x130 /home/geith/workspace_wsn/riot-wdt/hc-04/bin/remote-revb/periph.a(spi.o)
 .debug_ranges  0x0000000000000a08      0x1a8 /home/geith/workspace_wsn/riot-wdt/hc-04/bin/remote-revb/xtimer.a(xtimer.o)
 .debug_ranges  0x0000000000000bb0       0x60 /usr/lib/gcc/arm-none-eabi/5.4.1/../../../arm-none-eabi/lib/armv7-m/libc_nano.a(lib_a-puts.o)
 .debug_ranges  0x0000000000000c10       0x18 /usr/lib/gcc/arm-none-eabi/5.4.1/../../../arm-none-eabi/lib/armv7-m/libc_nano.a(lib_a-wbuf.o)
 .debug_ranges  0x0000000000000c28       0x30 /usr/lib/gcc/arm-none-eabi/5.4.1/../../../arm-none-eabi/lib/armv7-m/libc_nano.a(lib_a-wsetup.o)
 .debug_ranges  0x0000000000000c58       0x58 /usr/lib/gcc/arm-none-eabi/5.4.1/../../../arm-none-eabi/lib/armv7-m/libc_nano.a(lib_a-fflush.o)
 .debug_ranges  0x0000000000000cb0       0x68 /usr/lib/gcc/arm-none-eabi/5.4.1/../../../arm-none-eabi/lib/armv7-m/libc_nano.a(lib_a-findfp.o)
 .debug_ranges  0x0000000000000d18       0x28 /usr/lib/gcc/arm-none-eabi/5.4.1/../../../arm-none-eabi/lib/armv7-m/libc_nano.a(lib_a-makebuf.o)
 .debug_ranges  0x0000000000000d40       0x40 /usr/lib/gcc/arm-none-eabi/5.4.1/../../../arm-none-eabi/lib/armv7-m/libc_nano.a(lib_a-nano-mallocr.o)
 .debug_ranges  0x0000000000000d80       0x18 /usr/lib/gcc/arm-none-eabi/5.4.1/../../../arm-none-eabi/lib/armv7-m/libc_nano.a(lib_a-nano-vfprintf.o)
 .debug_ranges  0x0000000000000d98       0xb0 /usr/lib/gcc/arm-none-eabi/5.4.1/../../../arm-none-eabi/lib/armv7-m/libc_nano.a(lib_a-nano-vfprintf_i.o)
 .debug_ranges  0x0000000000000e48       0x28 /usr/lib/gcc/arm-none-eabi/5.4.1/../../../arm-none-eabi/lib/armv7-m/libc_nano.a(lib_a-fvwrite.o)

.debug_macro    0x0000000000000000    0x19c34
 .debug_macro   0x0000000000000000      0x374 /home/geith/workspace_wsn/riot-wdt/hc-04/bin/remote-revb/cpu/vectors.o
 .debug_macro   0x0000000000000374      0x874 /home/geith/workspace_wsn/riot-wdt/hc-04/bin/remote-revb/cpu/vectors.o
 .debug_macro   0x0000000000000be8       0xd6 /home/geith/workspace_wsn/riot-wdt/hc-04/bin/remote-revb/cpu/vectors.o
 .debug_macro   0x0000000000000cbe       0x22 /home/geith/workspace_wsn/riot-wdt/hc-04/bin/remote-revb/cpu/vectors.o
 .debug_macro   0x0000000000000ce0       0x4f /home/geith/workspace_wsn/riot-wdt/hc-04/bin/remote-revb/cpu/vectors.o
 .debug_macro   0x0000000000000d2f       0x44 /home/geith/workspace_wsn/riot-wdt/hc-04/bin/remote-revb/cpu/vectors.o
 .debug_macro   0x0000000000000d73       0xfd /home/geith/workspace_wsn/riot-wdt/hc-04/bin/remote-revb/cpu/vectors.o
 .debug_macro   0x0000000000000e70       0x5e /home/geith/workspace_wsn/riot-wdt/hc-04/bin/remote-revb/cpu/vectors.o
 .debug_macro   0x0000000000000ece      0x1df /home/geith/workspace_wsn/riot-wdt/hc-04/bin/remote-revb/cpu/vectors.o
 .debug_macro   0x00000000000010ad       0x52 /home/geith/workspace_wsn/riot-wdt/hc-04/bin/remote-revb/cpu/vectors.o
 .debug_macro   0x00000000000010ff       0x35 /home/geith/workspace_wsn/riot-wdt/hc-04/bin/remote-revb/cpu/vectors.o
 .debug_macro   0x0000000000001134       0x9c /home/geith/workspace_wsn/riot-wdt/hc-04/bin/remote-revb/cpu/vectors.o
 .debug_macro   0x00000000000011d0       0x16 /home/geith/workspace_wsn/riot-wdt/hc-04/bin/remote-revb/cpu/vectors.o
 .debug_macro   0x00000000000011e6       0x97 /home/geith/workspace_wsn/riot-wdt/hc-04/bin/remote-revb/cpu/vectors.o
 .debug_macro   0x000000000000127d      0x330 /home/geith/workspace_wsn/riot-wdt/hc-04/bin/remote-revb/cpu/vectors.o
 .debug_macro   0x00000000000015ad       0xf6 /home/geith/workspace_wsn/riot-wdt/hc-04/bin/remote-revb/cpu/vectors.o
 .debug_macro   0x00000000000016a3       0x10 /home/geith/workspace_wsn/riot-wdt/hc-04/bin/remote-revb/cpu/vectors.o
 .debug_macro   0x00000000000016b3       0x52 /home/geith/workspace_wsn/riot-wdt/hc-04/bin/remote-revb/cpu/vectors.o
 .debug_macro   0x0000000000001705       0x1f /home/geith/workspace_wsn/riot-wdt/hc-04/bin/remote-revb/cpu/vectors.o
 .debug_macro   0x0000000000001724       0x43 /home/geith/workspace_wsn/riot-wdt/hc-04/bin/remote-revb/cpu/vectors.o
 .debug_macro   0x0000000000001767       0x20 /home/geith/workspace_wsn/riot-wdt/hc-04/bin/remote-revb/cpu/vectors.o
 .debug_macro   0x0000000000001787      0x187 /home/geith/workspace_wsn/riot-wdt/hc-04/bin/remote-revb/cpu/vectors.o
 .debug_macro   0x000000000000190e       0x10 /home/geith/workspace_wsn/riot-wdt/hc-04/bin/remote-revb/cpu/vectors.o
 .debug_macro   0x000000000000191e       0xb6 /home/geith/workspace_wsn/riot-wdt/hc-04/bin/remote-revb/cpu/vectors.o
 .debug_macro   0x00000000000019d4       0x16 /home/geith/workspace_wsn/riot-wdt/hc-04/bin/remote-revb/cpu/vectors.o
 .debug_macro   0x00000000000019ea      0x143 /home/geith/workspace_wsn/riot-wdt/hc-04/bin/remote-revb/cpu/vectors.o
 .debug_macro   0x0000000000001b2d       0x22 /home/geith/workspace_wsn/riot-wdt/hc-04/bin/remote-revb/cpu/vectors.o
 .debug_macro   0x0000000000001b4f       0x22 /home/geith/workspace_wsn/riot-wdt/hc-04/bin/remote-revb/cpu/vectors.o
 .debug_macro   0x0000000000001b71       0x28 /home/geith/workspace_wsn/riot-wdt/hc-04/bin/remote-revb/cpu/vectors.o
 .debug_macro   0x0000000000001b99       0xdc /home/geith/workspace_wsn/riot-wdt/hc-04/bin/remote-revb/cpu/vectors.o
 .debug_macro   0x0000000000001c75       0x10 /home/geith/workspace_wsn/riot-wdt/hc-04/bin/remote-revb/cpu/vectors.o
 .debug_macro   0x0000000000001c85       0x35 /home/geith/workspace_wsn/riot-wdt/hc-04/bin/remote-revb/cpu/vectors.o
 .debug_macro   0x0000000000001cba      0x45d /home/geith/workspace_wsn/riot-wdt/hc-04/bin/remote-revb/cpu/vectors.o
 .debug_macro   0x0000000000002117       0xe8 /home/geith/workspace_wsn/riot-wdt/hc-04/bin/remote-revb/cpu/vectors.o
 .debug_macro   0x00000000000021ff       0x28 /home/geith/workspace_wsn/riot-wdt/hc-04/bin/remote-revb/cpu/vectors.o
 .debug_macro   0x0000000000002227       0x12 /home/geith/workspace_wsn/riot-wdt/hc-04/bin/remote-revb/cpu/vectors.o
 .debug_macro   0x0000000000002239       0x1c /home/geith/workspace_wsn/riot-wdt/hc-04/bin/remote-revb/cpu/vectors.o
 .debug_macro   0x0000000000002255       0x22 /home/geith/workspace_wsn/riot-wdt/hc-04/bin/remote-revb/cpu/vectors.o
 .debug_macro   0x0000000000002277       0x22 /home/geith/workspace_wsn/riot-wdt/hc-04/bin/remote-revb/cpu/vectors.o
 .debug_macro   0x0000000000002299       0x3a /home/geith/workspace_wsn/riot-wdt/hc-04/bin/remote-revb/cpu/vectors.o
 .debug_macro   0x00000000000022d3       0x34 /home/geith/workspace_wsn/riot-wdt/hc-04/bin/remote-revb/cpu/vectors.o
 .debug_macro   0x0000000000002307      0xcb4 /home/geith/workspace_wsn/riot-wdt/hc-04/bin/remote-revb/cpu/vectors.o
 .debug_macro   0x0000000000002fbb     0x1277 /home/geith/workspace_wsn/riot-wdt/hc-04/bin/remote-revb/cpu/vectors.o
 .debug_macro   0x0000000000004232      0x147 /home/geith/workspace_wsn/riot-wdt/hc-04/bin/remote-revb/cpu/vectors.o
 .debug_macro   0x0000000000004379       0x32 /home/geith/workspace_wsn/riot-wdt/hc-04/bin/remote-revb/cpu/vectors.o
 .debug_macro   0x00000000000043ab       0x34 /home/geith/workspace_wsn/riot-wdt/hc-04/bin/remote-revb/cpu/vectors.o
 .debug_macro   0x00000000000043df       0x10 /home/geith/workspace_wsn/riot-wdt/hc-04/bin/remote-revb/cpu/vectors.o
 .debug_macro   0x00000000000043ef       0x76 /home/geith/workspace_wsn/riot-wdt/hc-04/bin/remote-revb/cpu/vectors.o
 .debug_macro   0x0000000000004465       0x11 /home/geith/workspace_wsn/riot-wdt/hc-04/bin/remote-revb/cpu/vectors.o
 .debug_macro   0x0000000000004476       0x18 /home/geith/workspace_wsn/riot-wdt/hc-04/bin/remote-revb/cpu/vectors.o
 .debug_macro   0x000000000000448e       0x16 /home/geith/workspace_wsn/riot-wdt/hc-04/bin/remote-revb/cpu/vectors.o
 .debug_macro   0x00000000000044a4       0x9e /home/geith/workspace_wsn/riot-wdt/hc-04/bin/remote-revb/cpu/vectors.o
 .debug_macro   0x0000000000004542       0x72 /home/geith/workspace_wsn/riot-wdt/hc-04/bin/remote-revb/cpu/vectors.o
 .debug_macro   0x00000000000045b4       0x22 /home/geith/workspace_wsn/riot-wdt/hc-04/bin/remote-revb/cpu/vectors.o
 .debug_macro   0x00000000000045d6       0x6a /home/geith/workspace_wsn/riot-wdt/hc-04/bin/remote-revb/cpu/vectors.o
 .debug_macro   0x0000000000004640       0x1c /home/geith/workspace_wsn/riot-wdt/hc-04/bin/remote-revb/cpu/vectors.o
 .debug_macro   0x000000000000465c       0x76 /home/geith/workspace_wsn/riot-wdt/hc-04/bin/remote-revb/cpu/vectors.o
 .debug_macro   0x00000000000046d2       0xe2 /home/geith/workspace_wsn/riot-wdt/hc-04/bin/remote-revb/cpu/vectors.o
 .debug_macro   0x00000000000047b4       0x1c /home/geith/workspace_wsn/riot-wdt/hc-04/bin/remote-revb/cpu/vectors.o
 .debug_macro   0x00000000000047d0      0x4d9 /home/geith/workspace_wsn/riot-wdt/hc-04/bin/remote-revb/newlib_syscalls_default/syscalls.o
 .debug_macro   0x0000000000004ca9      0x874 /home/geith/workspace_wsn/riot-wdt/hc-04/bin/remote-revb/newlib_syscalls_default/syscalls.o
 .debug_macro   0x000000000000551d       0x4c /home/geith/workspace_wsn/riot-wdt/hc-04/bin/remote-revb/newlib_syscalls_default/syscalls.o
 .debug_macro   0x0000000000005569       0x55 /home/geith/workspace_wsn/riot-wdt/hc-04/bin/remote-revb/newlib_syscalls_default/syscalls.o
 .debug_macro   0x00000000000055be       0x10 /home/geith/workspace_wsn/riot-wdt/hc-04/bin/remote-revb/newlib_syscalls_default/syscalls.o
 .debug_macro   0x00000000000055ce       0x4a /home/geith/workspace_wsn/riot-wdt/hc-04/bin/remote-revb/newlib_syscalls_default/syscalls.o
 .debug_macro   0x0000000000005618       0xcf /home/geith/workspace_wsn/riot-wdt/hc-04/bin/remote-revb/newlib_syscalls_default/syscalls.o
 .debug_macro   0x00000000000056e7       0xb7 /home/geith/workspace_wsn/riot-wdt/hc-04/bin/remote-revb/newlib_syscalls_default/syscalls.o
 .debug_macro   0x000000000000579e      0x4f7 /home/geith/workspace_wsn/riot-wdt/hc-04/bin/remote-revb/newlib_syscalls_default/syscalls.o
 .debug_macro   0x0000000000005c95       0x10 /home/geith/workspace_wsn/riot-wdt/hc-04/bin/remote-revb/newlib_syscalls_default/syscalls.o
 .debug_macro   0x0000000000005ca5       0x10 /home/geith/workspace_wsn/riot-wdt/hc-04/bin/remote-revb/newlib_syscalls_default/syscalls.o
 .debug_macro   0x0000000000005cb5      0x241 /home/geith/workspace_wsn/riot-wdt/hc-04/bin/remote-revb/newlib_syscalls_default/syscalls.o
 .debug_macro   0x0000000000005ef6      0x12e /home/geith/workspace_wsn/riot-wdt/hc-04/bin/remote-revb/newlib_syscalls_default/syscalls.o
 .debug_macro   0x0000000000006024       0x16 /home/geith/workspace_wsn/riot-wdt/hc-04/bin/remote-revb/newlib_syscalls_default/syscalls.o
 .debug_macro   0x000000000000603a       0x22 /home/geith/workspace_wsn/riot-wdt/hc-04/bin/remote-revb/newlib_syscalls_default/syscalls.o
 .debug_macro   0x000000000000605c       0x16 /home/geith/workspace_wsn/riot-wdt/hc-04/bin/remote-revb/newlib_syscalls_default/syscalls.o
 .debug_macro   0x0000000000006072       0x16 /home/geith/workspace_wsn/riot-wdt/hc-04/bin/remote-revb/newlib_syscalls_default/syscalls.o
 .debug_macro   0x0000000000006088       0x10 /home/geith/workspace_wsn/riot-wdt/hc-04/bin/remote-revb/newlib_syscalls_default/syscalls.o
 .debug_macro   0x0000000000006098       0x10 /home/geith/workspace_wsn/riot-wdt/hc-04/bin/remote-revb/newlib_syscalls_default/syscalls.o
 .debug_macro   0x00000000000060a8       0x2e /home/geith/workspace_wsn/riot-wdt/hc-04/bin/remote-revb/newlib_syscalls_default/syscalls.o
 .debug_macro   0x00000000000060d6       0xf5 /home/geith/workspace_wsn/riot-wdt/hc-04/bin/remote-revb/newlib_syscalls_default/syscalls.o
 .debug_macro   0x00000000000061cb       0x34 /home/geith/workspace_wsn/riot-wdt/hc-04/bin/remote-revb/newlib_syscalls_default/syscalls.o
 .debug_macro   0x00000000000061ff       0x1c /home/geith/workspace_wsn/riot-wdt/hc-04/bin/remote-revb/newlib_syscalls_default/syscalls.o
 .debug_macro   0x000000000000621b       0x10 /home/geith/workspace_wsn/riot-wdt/hc-04/bin/remote-revb/newlib_syscalls_default/syscalls.o
 .debug_macro   0x000000000000622b       0x43 /home/geith/workspace_wsn/riot-wdt/hc-04/bin/remote-revb/newlib_syscalls_default/syscalls.o
 .debug_macro   0x000000000000626e       0x1c /home/geith/workspace_wsn/riot-wdt/hc-04/bin/remote-revb/newlib_syscalls_default/syscalls.o
 .debug_macro   0x000000000000628a       0x34 /home/geith/workspace_wsn/riot-wdt/hc-04/bin/remote-revb/newlib_syscalls_default/syscalls.o
 .debug_macro   0x00000000000062be       0x16 /home/geith/workspace_wsn/riot-wdt/hc-04/bin/remote-revb/newlib_syscalls_default/syscalls.o
 .debug_macro   0x00000000000062d4       0x20 /home/geith/workspace_wsn/riot-wdt/hc-04/bin/remote-revb/newlib_syscalls_default/syscalls.o
 .debug_macro   0x00000000000062f4       0x16 /home/geith/workspace_wsn/riot-wdt/hc-04/bin/remote-revb/newlib_syscalls_default/syscalls.o
 .debug_macro   0x000000000000630a       0x10 /home/geith/workspace_wsn/riot-wdt/hc-04/bin/remote-revb/newlib_syscalls_default/syscalls.o
 .debug_macro   0x000000000000631a      0x323 /home/geith/workspace_wsn/riot-wdt/hc-04/bin/remote-revb/core.a(sched.o)
 .debug_macro   0x000000000000663d      0x874 /home/geith/workspace_wsn/riot-wdt/hc-04/bin/remote-revb/core.a(sched.o)
 .debug_macro   0x0000000000006eb1      0x16d /home/geith/workspace_wsn/riot-wdt/hc-04/bin/remote-revb/core.a(sched.o)
 .debug_macro   0x000000000000701e       0xa2 /home/geith/workspace_wsn/riot-wdt/hc-04/bin/remote-revb/core.a(sched.o)
 .debug_macro   0x00000000000070c0       0x2e /home/geith/workspace_wsn/riot-wdt/hc-04/bin/remote-revb/core.a(sched.o)
 .debug_macro   0x00000000000070ee       0x16 /home/geith/workspace_wsn/riot-wdt/hc-04/bin/remote-revb/core.a(sched.o)
 .debug_macro   0x0000000000007104      0x12e /home/geith/workspace_wsn/riot-wdt/hc-04/bin/remote-revb/core.a(bitarithm.o)
 .debug_macro   0x0000000000007232      0x874 /home/geith/workspace_wsn/riot-wdt/hc-04/bin/remote-revb/core.a(bitarithm.o)
 .debug_macro   0x0000000000007aa6      0x30f /home/geith/workspace_wsn/riot-wdt/hc-04/bin/remote-revb/cortexm_common.a(thread_arch.o)
 .debug_macro   0x0000000000007db5      0x874 /home/geith/workspace_wsn/riot-wdt/hc-04/bin/remote-revb/cortexm_common.a(thread_arch.o)
 .debug_macro   0x0000000000008629       0x10 /home/geith/workspace_wsn/riot-wdt/hc-04/bin/remote-revb/cortexm_common.a(thread_arch.o)
 .debug_macro   0x0000000000008639      0x300 /home/geith/workspace_wsn/riot-wdt/hc-04/bin/remote-revb/cortexm_common.a(irq_arch.o)
 .debug_macro   0x0000000000008939      0x874 /home/geith/workspace_wsn/riot-wdt/hc-04/bin/remote-revb/cortexm_common.a(irq_arch.o)
 .debug_macro   0x00000000000091ad      0x399 /home/geith/workspace_wsn/riot-wdt/hc-04/bin/remote-revb/cortexm_common.a(vectors_cortexm.o)
 .debug_macro   0x0000000000009546      0x874 /home/geith/workspace_wsn/riot-wdt/hc-04/bin/remote-revb/cortexm_common.a(vectors_cortexm.o)
 .debug_macro   0x0000000000009dba       0x16 /home/geith/workspace_wsn/riot-wdt/hc-04/bin/remote-revb/cortexm_common.a(vectors_cortexm.o)
 .debug_macro   0x0000000000009dd0      0x35d /home/geith/workspace_wsn/riot-wdt/hc-04/bin/remote-revb/periph_common.a(pm.o)
 .debug_macro   0x000000000000a12d      0x874 /home/geith/workspace_wsn/riot-wdt/hc-04/bin/remote-revb/periph_common.a(pm.o)
 .debug_macro   0x000000000000a9a1       0x6c /home/geith/workspace_wsn/riot-wdt/hc-04/bin/remote-revb/periph_common.a(pm.o)
 .debug_macro   0x000000000000aa0d      0x3db /home/geith/workspace_wsn/riot-wdt/hc-04/bin/remote-revb/uart_stdio.a(uart_stdio.o)
 .debug_macro   0x000000000000ade8      0x874 /home/geith/workspace_wsn/riot-wdt/hc-04/bin/remote-revb/uart_stdio.a(uart_stdio.o)
 .debug_macro   0x000000000000b65c       0x16 /home/geith/workspace_wsn/riot-wdt/hc-04/bin/remote-revb/uart_stdio.a(uart_stdio.o)
 .debug_macro   0x000000000000b672       0x10 /home/geith/workspace_wsn/riot-wdt/hc-04/bin/remote-revb/uart_stdio.a(uart_stdio.o)
 .debug_macro   0x000000000000b682      0x3fb /home/geith/workspace_wsn/riot-wdt/hc-04/bin/remote-revb/xtimer.a(xtimer_core.o)
 .debug_macro   0x000000000000ba7d      0x874 /home/geith/workspace_wsn/riot-wdt/hc-04/bin/remote-revb/xtimer.a(xtimer_core.o)
 .debug_macro   0x000000000000c2f1       0x10 /home/geith/workspace_wsn/riot-wdt/hc-04/bin/remote-revb/xtimer.a(xtimer_core.o)
 .debug_macro   0x000000000000c301       0x1c /home/geith/workspace_wsn/riot-wdt/hc-04/bin/remote-revb/xtimer.a(xtimer_core.o)
 .debug_macro   0x000000000000c31d       0x16 /home/geith/workspace_wsn/riot-wdt/hc-04/bin/remote-revb/xtimer.a(xtimer_core.o)
 .debug_macro   0x000000000000c333      0x378 /home/geith/workspace_wsn/riot-wdt/hc-04/bin/remote-revb/board.a(board.o)
 .debug_macro   0x000000000000c6ab      0x874 /home/geith/workspace_wsn/riot-wdt/hc-04/bin/remote-revb/board.a(board.o)
 .debug_macro   0x000000000000cf1f       0x16 /home/geith/workspace_wsn/riot-wdt/hc-04/bin/remote-revb/board.a(board.o)
 .debug_macro   0x000000000000cf35      0x36a /home/geith/workspace_wsn/riot-wdt/hc-04/bin/remote-revb/core.a(panic.o)
 .debug_macro   0x000000000000d29f      0x874 /home/geith/workspace_wsn/riot-wdt/hc-04/bin/remote-revb/core.a(panic.o)
 .debug_macro   0x000000000000db13       0x22 /home/geith/workspace_wsn/riot-wdt/hc-04/bin/remote-revb/core.a(panic.o)
 .debug_macro   0x000000000000db35      0x391 /home/geith/workspace_wsn/riot-wdt/hc-04/bin/remote-revb/core.a(kernel_init.o)
 .debug_macro   0x000000000000dec6      0x874 /home/geith/workspace_wsn/riot-wdt/hc-04/bin/remote-revb/core.a(kernel_init.o)
 .debug_macro   0x000000000000e73a      0x23b /home/geith/workspace_wsn/riot-wdt/hc-04/bin/remote-revb/core.a(kernel_init.o)
 .debug_macro   0x000000000000e975      0x32b /home/geith/workspace_wsn/riot-wdt/hc-04/bin/remote-revb/core.a(thread.o)
 .debug_macro   0x000000000000eca0      0x874 /home/geith/workspace_wsn/riot-wdt/hc-04/bin/remote-revb/core.a(thread.o)
 .debug_macro   0x000000000000f514      0x32e /home/geith/workspace_wsn/riot-wdt/hc-04/bin/remote-revb/cpu.a(cpu.o)
 .debug_macro   0x000000000000f842      0x874 /home/geith/workspace_wsn/riot-wdt/hc-04/bin/remote-revb/cpu.a(cpu.o)
 .debug_macro   0x00000000000100b6      0x412 /home/geith/workspace_wsn/riot-wdt/hc-04/bin/remote-revb/isrpipe.a(isrpipe.o)
 .debug_macro   0x00000000000104c8      0x874 /home/geith/workspace_wsn/riot-wdt/hc-04/bin/remote-revb/isrpipe.a(isrpipe.o)
 .debug_macro   0x0000000000010d3c       0x2e /home/geith/workspace_wsn/riot-wdt/hc-04/bin/remote-revb/isrpipe.a(isrpipe.o)
 .debug_macro   0x0000000000010d6a      0x3d6 /home/geith/workspace_wsn/riot-wdt/hc-04/bin/remote-revb/periph.a(uart.o)
 .debug_macro   0x0000000000011140      0x874 /home/geith/workspace_wsn/riot-wdt/hc-04/bin/remote-revb/periph.a(uart.o)
 .debug_macro   0x00000000000119b4      0x359 /home/geith/workspace_wsn/riot-wdt/hc-04/bin/remote-revb/periph.a(gpio.o)
 .debug_macro   0x0000000000011d0d      0x874 /home/geith/workspace_wsn/riot-wdt/hc-04/bin/remote-revb/periph.a(gpio.o)
 .debug_macro   0x0000000000012581      0x3d9 /home/geith/workspace_wsn/riot-wdt/hc-04/bin/remote-revb/periph.a(timer.o)
 .debug_macro   0x000000000001295a      0x874 /home/geith/workspace_wsn/riot-wdt/hc-04/bin/remote-revb/periph.a(timer.o)
 .debug_macro   0x00000000000131ce      0x353 /home/geith/workspace_wsn/riot-wdt/hc-04/bin/remote-revb/periph_common.a(init.o)
 .debug_macro   0x0000000000013521      0x874 /home/geith/workspace_wsn/riot-wdt/hc-04/bin/remote-revb/periph_common.a(init.o)
 .debug_macro   0x0000000000013d95      0x2e3 /home/geith/workspace_wsn/riot-wdt/hc-04/bin/remote-revb/ps.a(ps.o)
 .debug_macro   0x0000000000014078      0x874 /home/geith/workspace_wsn/riot-wdt/hc-04/bin/remote-revb/ps.a(ps.o)
 .debug_macro   0x00000000000148ec       0x60 /home/geith/workspace_wsn/riot-wdt/hc-04/bin/remote-revb/tsrb.a(tsrb.o)
 .debug_macro   0x000000000001494c      0x874 /home/geith/workspace_wsn/riot-wdt/hc-04/bin/remote-revb/tsrb.a(tsrb.o)
 .debug_macro   0x00000000000151c0      0x410 /home/geith/workspace_wsn/riot-wdt/hc-04/bin/remote-revb/default.a(main.o)
 .debug_macro   0x00000000000155d0      0x874 /home/geith/workspace_wsn/riot-wdt/hc-04/bin/remote-revb/default.a(main.o)
 .debug_macro   0x0000000000015e44       0x10 /home/geith/workspace_wsn/riot-wdt/hc-04/bin/remote-revb/default.a(main.o)
 .debug_macro   0x0000000000015e54       0x22 /home/geith/workspace_wsn/riot-wdt/hc-04/bin/remote-revb/default.a(main.o)
 .debug_macro   0x0000000000015e76      0x405 /home/geith/workspace_wsn/riot-wdt/hc-04/bin/remote-revb/auto_init.a(auto_init.o)
 .debug_macro   0x000000000001627b      0x874 /home/geith/workspace_wsn/riot-wdt/hc-04/bin/remote-revb/auto_init.a(auto_init.o)
 .debug_macro   0x0000000000016aef      0x322 /home/geith/workspace_wsn/riot-wdt/hc-04/bin/remote-revb/core.a(mutex.o)
 .debug_macro   0x0000000000016e11      0x874 /home/geith/workspace_wsn/riot-wdt/hc-04/bin/remote-revb/core.a(mutex.o)
 .debug_macro   0x0000000000017685      0x1e5 /home/geith/workspace_wsn/riot-wdt/hc-04/bin/remote-revb/core.a(mutex.o)
 .debug_macro   0x000000000001786a      0x2fc /home/geith/workspace_wsn/riot-wdt/hc-04/bin/remote-revb/cortexm_common.a(cortexm_init.o)
 .debug_macro   0x0000000000017b66      0x874 /home/geith/workspace_wsn/riot-wdt/hc-04/bin/remote-revb/cortexm_common.a(cortexm_init.o)
 .debug_macro   0x00000000000183da      0x35e /home/geith/workspace_wsn/riot-wdt/hc-04/bin/remote-revb/periph.a(spi.o)
 .debug_macro   0x0000000000018738      0x874 /home/geith/workspace_wsn/riot-wdt/hc-04/bin/remote-revb/periph.a(spi.o)
 .debug_macro   0x0000000000018fac      0x414 /home/geith/workspace_wsn/riot-wdt/hc-04/bin/remote-revb/xtimer.a(xtimer.o)
 .debug_macro   0x00000000000193c0      0x874 /home/geith/workspace_wsn/riot-wdt/hc-04/bin/remote-revb/xtimer.a(xtimer.o)

.debug_line     0x0000000000000000     0xed0f
 .debug_line    0x0000000000000000      0x6ee /home/geith/workspace_wsn/riot-wdt/hc-04/bin/remote-revb/cpu/vectors.o
 .debug_line    0x00000000000006ee      0xa0f /home/geith/workspace_wsn/riot-wdt/hc-04/bin/remote-revb/newlib_syscalls_default/syscalls.o
 .debug_line    0x00000000000010fd      0x63d /home/geith/workspace_wsn/riot-wdt/hc-04/bin/remote-revb/core.a(sched.o)
 .debug_line    0x000000000000173a      0x257 /home/geith/workspace_wsn/riot-wdt/hc-04/bin/remote-revb/core.a(bitarithm.o)
 .debug_line    0x0000000000001991      0x699 /home/geith/workspace_wsn/riot-wdt/hc-04/bin/remote-revb/cortexm_common.a(thread_arch.o)
 .debug_line    0x000000000000202a      0x602 /home/geith/workspace_wsn/riot-wdt/hc-04/bin/remote-revb/cortexm_common.a(irq_arch.o)
 .debug_line    0x000000000000262c      0x839 /home/geith/workspace_wsn/riot-wdt/hc-04/bin/remote-revb/cortexm_common.a(vectors_cortexm.o)
 .debug_line    0x0000000000002e65      0x6d2 /home/geith/workspace_wsn/riot-wdt/hc-04/bin/remote-revb/periph_common.a(pm.o)
 .debug_line    0x0000000000003537      0x780 /home/geith/workspace_wsn/riot-wdt/hc-04/bin/remote-revb/uart_stdio.a(uart_stdio.o)
 .debug_line    0x0000000000003cb7      0xa4e /home/geith/workspace_wsn/riot-wdt/hc-04/bin/remote-revb/xtimer.a(xtimer_core.o)
 .debug_line    0x0000000000004705      0x701 /home/geith/workspace_wsn/riot-wdt/hc-04/bin/remote-revb/board.a(board.o)
 .debug_line    0x0000000000004e06      0x74d /home/geith/workspace_wsn/riot-wdt/hc-04/bin/remote-revb/core.a(panic.o)
 .debug_line    0x0000000000005553      0x759 /home/geith/workspace_wsn/riot-wdt/hc-04/bin/remote-revb/core.a(kernel_init.o)
 .debug_line    0x0000000000005cac      0x6e0 /home/geith/workspace_wsn/riot-wdt/hc-04/bin/remote-revb/core.a(thread.o)
 .debug_line    0x000000000000638c      0x5ed /home/geith/workspace_wsn/riot-wdt/hc-04/bin/remote-revb/cpu.a(cpu.o)